  Determining projects to restore...
  All projects are up-to-date for restore.
  CommunityCar.Domain -> C:\Users\memos\OneDrive\Desktop\Projects\Community Car MVC\src\CommunityCar.Domain\bin\Debug\net9.0\CommunityCar.Domain.dll
  CommunityCar.Application -> C:\Users\memos\OneDrive\Desktop\Projects\Community Car MVC\src\CommunityCar.Application\bin\Debug\net9.0\CommunityCar.Application.dll
  CommunityCar.Infrastructure -> C:\Users\memos\OneDrive\Desktop\Projects\Community Car MVC\src\CommunityCar.Infrastructure\bin\Debug\net9.0\CommunityCar.Infrastructure.dll
  CommunityCar.AI -> C:\Users\memos\OneDrive\Desktop\Projects\Community Car MVC\src\CommunityCar.AI\bin\Debug\net9.0\CommunityCar.AI.dll
C:\Users\memos\OneDrive\Desktop\Projects\Community Car MVC\src\CommunityCar.Web\Views\Shared\Reactions\_InteractionPanel.cshtml(2,62): error CS0234: The type or namespace name 'Enums' does not exist in the namespace 'CommunityCar.Application.Features.Shared.Interactions' (are you missing an assembly reference?) [C:\Users\memos\OneDrive\Desktop\Projects\Community Car MVC\src\CommunityCar.Web\CommunityCar.Web.csproj]

Build FAILED.

C:\Users\memos\OneDrive\Desktop\Projects\Community Car MVC\src\CommunityCar.Web\Views\Shared\Reactions\_InteractionPanel.cshtml(2,62): error CS0234: The type or namespace name 'Enums' does not exist in the namespace 'CommunityCar.Application.Features.Shared.Interactions' (are you missing an assembly reference?) [C:\Users\memos\OneDrive\Desktop\Projects\Community Car MVC\src\CommunityCar.Web\CommunityCar.Web.csproj]
    0 Warning(s)
    1 Error(s)

Time Elapsed 00:00:20.73

Workload updates are available. Run `dotnet workload list` for more information.
