  Determining projects to restore...
  All projects are up-to-date for restore.
c:\Users\memos\OneDrive\Desktop\Projects\Community Car MVC\src\CommunityCar.Domain\Base\ValueObject.cs(24,26): warning CS8765: Nullability of type of parameter 'obj' doesn't match overridden member (possibly because of nullability attributes). [c:\Users\memos\OneDrive\Desktop\Projects\Community Car MVC\src\CommunityCar.Domain\CommunityCar.Domain.csproj]
c:\Users\memos\OneDrive\Desktop\Projects\Community Car MVC\src\CommunityCar.Domain\Entities\Dashboard\Reports\Report.cs(85,17): warning CS0108: 'ReportSchedule.CreatedBy' hides inherited member 'BaseEntity.CreatedBy'. Use the new keyword if hiding was intended. [c:\Users\memos\OneDrive\Desktop\Projects\Community Car MVC\src\CommunityCar.Domain\CommunityCar.Domain.csproj]
c:\Users\memos\OneDrive\Desktop\Projects\Community Car MVC\src\CommunityCar.Domain\Base\ValueObject.cs(14,59): warning CS8604: Possible null reference argument for parameter 'obj' in 'bool ValueObject.Equals(object obj)'. [c:\Users\memos\OneDrive\Desktop\Projects\Community Car MVC\src\CommunityCar.Domain\CommunityCar.Domain.csproj]
c:\Users\memos\OneDrive\Desktop\Projects\Community Car MVC\src\CommunityCar.Domain\Entities\Shared\Vote.cs(27,15): warning CS8604: Possible null reference argument for parameter 'user' in 'void BaseEntity.Audit(string user)'. [c:\Users\memos\OneDrive\Desktop\Projects\Community Car MVC\src\CommunityCar.Domain\CommunityCar.Domain.csproj]
c:\Users\memos\OneDrive\Desktop\Projects\Community Car MVC\src\CommunityCar.Domain\Entities\Shared\Tag.cs(19,13): warning CS8618: Non-nullable property 'Name' must contain a non-null value when exiting constructor. Consider adding the 'required' modifier or declaring the property as nullable. [c:\Users\memos\OneDrive\Desktop\Projects\Community Car MVC\src\CommunityCar.Domain\CommunityCar.Domain.csproj]
c:\Users\memos\OneDrive\Desktop\Projects\Community Car MVC\src\CommunityCar.Domain\Entities\Shared\Tag.cs(19,13): warning CS8618: Non-nullable property 'Slug' must contain a non-null value when exiting constructor. Consider adding the 'required' modifier or declaring the property as nullable. [c:\Users\memos\OneDrive\Desktop\Projects\Community Car MVC\src\CommunityCar.Domain\CommunityCar.Domain.csproj]
c:\Users\memos\OneDrive\Desktop\Projects\Community Car MVC\src\CommunityCar.Domain\Entities\Shared\Share.cs(33,15): warning CS8604: Possible null reference argument for parameter 'user' in 'void BaseEntity.Audit(string user)'. [c:\Users\memos\OneDrive\Desktop\Projects\Community Car MVC\src\CommunityCar.Domain\CommunityCar.Domain.csproj]
c:\Users\memos\OneDrive\Desktop\Projects\Community Car MVC\src\CommunityCar.Domain\Entities\Shared\Reaction.cs(27,15): warning CS8604: Possible null reference argument for parameter 'user' in 'void BaseEntity.Audit(string user)'. [c:\Users\memos\OneDrive\Desktop\Projects\Community Car MVC\src\CommunityCar.Domain\CommunityCar.Domain.csproj]
c:\Users\memos\OneDrive\Desktop\Projects\Community Car MVC\src\CommunityCar.Domain\Entities\Chats\Message.cs(24,15): warning CS8604: Possible null reference argument for parameter 'user' in 'void BaseEntity.Audit(string user)'. [c:\Users\memos\OneDrive\Desktop\Projects\Community Car MVC\src\CommunityCar.Domain\CommunityCar.Domain.csproj]
c:\Users\memos\OneDrive\Desktop\Projects\Community Car MVC\src\CommunityCar.Domain\Entities\Community\Stories\Story.cs(78,13): warning CS8618: Non-nullable property 'MediaUrl' must contain a non-null value when exiting constructor. Consider adding the 'required' modifier or declaring the property as nullable. [c:\Users\memos\OneDrive\Desktop\Projects\Community Car MVC\src\CommunityCar.Domain\CommunityCar.Domain.csproj]
c:\Users\memos\OneDrive\Desktop\Projects\Community Car MVC\src\CommunityCar.Domain\Entities\Community\Stories\Story.cs(83,15): warning CS8604: Possible null reference argument for parameter 'user' in 'void BaseEntity.Audit(string user)'. [c:\Users\memos\OneDrive\Desktop\Projects\Community Car MVC\src\CommunityCar.Domain\CommunityCar.Domain.csproj]
c:\Users\memos\OneDrive\Desktop\Projects\Community Car MVC\src\CommunityCar.Domain\Entities\Community\Stories\Story.cs(89,15): warning CS8604: Possible null reference argument for parameter 'user' in 'void BaseEntity.Audit(string user)'. [c:\Users\memos\OneDrive\Desktop\Projects\Community Car MVC\src\CommunityCar.Domain\CommunityCar.Domain.csproj]
c:\Users\memos\OneDrive\Desktop\Projects\Community Car MVC\src\CommunityCar.Domain\Entities\Community\Stories\Story.cs(97,15): warning CS8604: Possible null reference argument for parameter 'user' in 'void BaseEntity.Audit(string user)'. [c:\Users\memos\OneDrive\Desktop\Projects\Community Car MVC\src\CommunityCar.Domain\CommunityCar.Domain.csproj]
c:\Users\memos\OneDrive\Desktop\Projects\Community Car MVC\src\CommunityCar.Domain\Entities\Community\Stories\Story.cs(106,15): warning CS8604: Possible null reference argument for parameter 'user' in 'void BaseEntity.Audit(string user)'. [c:\Users\memos\OneDrive\Desktop\Projects\Community Car MVC\src\CommunityCar.Domain\CommunityCar.Domain.csproj]
c:\Users\memos\OneDrive\Desktop\Projects\Community Car MVC\src\CommunityCar.Domain\Entities\Community\Stories\Story.cs(112,15): warning CS8604: Possible null reference argument for parameter 'user' in 'void BaseEntity.Audit(string user)'. [c:\Users\memos\OneDrive\Desktop\Projects\Community Car MVC\src\CommunityCar.Domain\CommunityCar.Domain.csproj]
c:\Users\memos\OneDrive\Desktop\Projects\Community Car MVC\src\CommunityCar.Domain\Entities\Community\Stories\Story.cs(119,15): warning CS8604: Possible null reference argument for parameter 'user' in 'void BaseEntity.Audit(string user)'. [c:\Users\memos\OneDrive\Desktop\Projects\Community Car MVC\src\CommunityCar.Domain\CommunityCar.Domain.csproj]
c:\Users\memos\OneDrive\Desktop\Projects\Community Car MVC\src\CommunityCar.Domain\Entities\Community\Stories\Story.cs(127,19): warning CS8604: Possible null reference argument for parameter 'user' in 'void BaseEntity.Audit(string user)'. [c:\Users\memos\OneDrive\Desktop\Projects\Community Car MVC\src\CommunityCar.Domain\CommunityCar.Domain.csproj]
c:\Users\memos\OneDrive\Desktop\Projects\Community Car MVC\src\CommunityCar.Domain\Entities\Community\Stories\Story.cs(135,19): warning CS8604: Possible null reference argument for parameter 'user' in 'void BaseEntity.Audit(string user)'. [c:\Users\memos\OneDrive\Desktop\Projects\Community Car MVC\src\CommunityCar.Domain\CommunityCar.Domain.csproj]
c:\Users\memos\OneDrive\Desktop\Projects\Community Car MVC\src\CommunityCar.Domain\Entities\Community\Stories\Story.cs(144,19): warning CS8604: Possible null reference argument for parameter 'user' in 'void BaseEntity.Audit(string user)'. [c:\Users\memos\OneDrive\Desktop\Projects\Community Car MVC\src\CommunityCar.Domain\CommunityCar.Domain.csproj]
c:\Users\memos\OneDrive\Desktop\Projects\Community Car MVC\src\CommunityCar.Domain\Entities\Community\Stories\Story.cs(152,19): warning CS8604: Possible null reference argument for parameter 'user' in 'void BaseEntity.Audit(string user)'. [c:\Users\memos\OneDrive\Desktop\Projects\Community Car MVC\src\CommunityCar.Domain\CommunityCar.Domain.csproj]
c:\Users\memos\OneDrive\Desktop\Projects\Community Car MVC\src\CommunityCar.Domain\Entities\Community\Stories\Story.cs(161,19): warning CS8604: Possible null reference argument for parameter 'user' in 'void BaseEntity.Audit(string user)'. [c:\Users\memos\OneDrive\Desktop\Projects\Community Car MVC\src\CommunityCar.Domain\CommunityCar.Domain.csproj]
c:\Users\memos\OneDrive\Desktop\Projects\Community Car MVC\src\CommunityCar.Domain\Entities\Shared\Rating.cs(30,15): warning CS8604: Possible null reference argument for parameter 'user' in 'void BaseEntity.Audit(string user)'. [c:\Users\memos\OneDrive\Desktop\Projects\Community Car MVC\src\CommunityCar.Domain\CommunityCar.Domain.csproj]
c:\Users\memos\OneDrive\Desktop\Projects\Community Car MVC\src\CommunityCar.Domain\Entities\Community\Stories\Story.cs(169,19): warning CS8604: Possible null reference argument for parameter 'user' in 'void BaseEntity.Audit(string user)'. [c:\Users\memos\OneDrive\Desktop\Projects\Community Car MVC\src\CommunityCar.Domain\CommunityCar.Domain.csproj]
c:\Users\memos\OneDrive\Desktop\Projects\Community Car MVC\src\CommunityCar.Domain\Entities\Community\Events\Event.cs(25,13): warning CS8618: Non-nullable property 'Title' must contain a non-null value when exiting constructor. Consider adding the 'required' modifier or declaring the property as nullable. [c:\Users\memos\OneDrive\Desktop\Projects\Community Car MVC\src\CommunityCar.Domain\CommunityCar.Domain.csproj]
c:\Users\memos\OneDrive\Desktop\Projects\Community Car MVC\src\CommunityCar.Domain\Entities\Community\Events\Event.cs(25,13): warning CS8618: Non-nullable property 'Description' must contain a non-null value when exiting constructor. Consider adding the 'required' modifier or declaring the property as nullable. [c:\Users\memos\OneDrive\Desktop\Projects\Community Car MVC\src\CommunityCar.Domain\CommunityCar.Domain.csproj]
c:\Users\memos\OneDrive\Desktop\Projects\Community Car MVC\src\CommunityCar.Domain\Entities\Community\Events\Event.cs(25,13): warning CS8618: Non-nullable property 'Location' must contain a non-null value when exiting constructor. Consider adding the 'required' modifier or declaring the property as nullable. [c:\Users\memos\OneDrive\Desktop\Projects\Community Car MVC\src\CommunityCar.Domain\CommunityCar.Domain.csproj]
c:\Users\memos\OneDrive\Desktop\Projects\Community Car MVC\src\CommunityCar.Domain\Entities\Community\Stories\Story.cs(176,15): warning CS8604: Possible null reference argument for parameter 'user' in 'void BaseEntity.Audit(string user)'. [c:\Users\memos\OneDrive\Desktop\Projects\Community Car MVC\src\CommunityCar.Domain\CommunityCar.Domain.csproj]
c:\Users\memos\OneDrive\Desktop\Projects\Community Car MVC\src\CommunityCar.Domain\Entities\Community\Stories\Story.cs(182,15): warning CS8604: Possible null reference argument for parameter 'user' in 'void BaseEntity.Audit(string user)'. [c:\Users\memos\OneDrive\Desktop\Projects\Community Car MVC\src\CommunityCar.Domain\CommunityCar.Domain.csproj]
c:\Users\memos\OneDrive\Desktop\Projects\Community Car MVC\src\CommunityCar.Domain\Entities\Community\Stories\Story.cs(189,15): warning CS8604: Possible null reference argument for parameter 'user' in 'void BaseEntity.Audit(string user)'. [c:\Users\memos\OneDrive\Desktop\Projects\Community Car MVC\src\CommunityCar.Domain\CommunityCar.Domain.csproj]
c:\Users\memos\OneDrive\Desktop\Projects\Community Car MVC\src\CommunityCar.Domain\Entities\Community\Stories\Story.cs(196,15): warning CS8604: Possible null reference argument for parameter 'user' in 'void BaseEntity.Audit(string user)'. [c:\Users\memos\OneDrive\Desktop\Projects\Community Car MVC\src\CommunityCar.Domain\CommunityCar.Domain.csproj]
c:\Users\memos\OneDrive\Desktop\Projects\Community Car MVC\src\CommunityCar.Domain\Entities\Dashboard\Settings\SystemSetting.cs(57,15): warning CS8604: Possible null reference argument for parameter 'user' in 'void BaseEntity.Audit(string user)'. [c:\Users\memos\OneDrive\Desktop\Projects\Community Car MVC\src\CommunityCar.Domain\CommunityCar.Domain.csproj]
c:\Users\memos\OneDrive\Desktop\Projects\Community Car MVC\src\CommunityCar.Domain\Entities\Community\Stories\Story.cs(206,15): warning CS8604: Possible null reference argument for parameter 'user' in 'void BaseEntity.Audit(string user)'. [c:\Users\memos\OneDrive\Desktop\Projects\Community Car MVC\src\CommunityCar.Domain\CommunityCar.Domain.csproj]
c:\Users\memos\OneDrive\Desktop\Projects\Community Car MVC\src\CommunityCar.Domain\Entities\Dashboard\Settings\SystemSetting.cs(23,15): warning CS8604: Possible null reference argument for parameter 'user' in 'void BaseEntity.Audit(string user)'. [c:\Users\memos\OneDrive\Desktop\Projects\Community Car MVC\src\CommunityCar.Domain\CommunityCar.Domain.csproj]
c:\Users\memos\OneDrive\Desktop\Projects\Community Car MVC\src\CommunityCar.Domain\Entities\Dashboard\Settings\DashboardSettings.cs(25,15): warning CS8604: Possible null reference argument for parameter 'user' in 'void BaseEntity.Audit(string user)'. [c:\Users\memos\OneDrive\Desktop\Projects\Community Car MVC\src\CommunityCar.Domain\CommunityCar.Domain.csproj]
c:\Users\memos\OneDrive\Desktop\Projects\Community Car MVC\src\CommunityCar.Domain\Entities\Shared\Comment.cs(29,13): warning CS8618: Non-nullable property 'Content' must contain a non-null value when exiting constructor. Consider adding the 'required' modifier or declaring the property as nullable. [c:\Users\memos\OneDrive\Desktop\Projects\Community Car MVC\src\CommunityCar.Domain\CommunityCar.Domain.csproj]
c:\Users\memos\OneDrive\Desktop\Projects\Community Car MVC\src\CommunityCar.Domain\Entities\Shared\Comment.cs(34,15): warning CS8604: Possible null reference argument for parameter 'user' in 'void BaseEntity.Audit(string user)'. [c:\Users\memos\OneDrive\Desktop\Projects\Community Car MVC\src\CommunityCar.Domain\CommunityCar.Domain.csproj]
c:\Users\memos\OneDrive\Desktop\Projects\Community Car MVC\src\CommunityCar.Domain\Entities\Shared\Category.cs(21,13): warning CS8618: Non-nullable property 'Name' must contain a non-null value when exiting constructor. Consider adding the 'required' modifier or declaring the property as nullable. [c:\Users\memos\OneDrive\Desktop\Projects\Community Car MVC\src\CommunityCar.Domain\CommunityCar.Domain.csproj]
c:\Users\memos\OneDrive\Desktop\Projects\Community Car MVC\src\CommunityCar.Domain\Entities\Shared\Category.cs(21,13): warning CS8618: Non-nullable property 'Slug' must contain a non-null value when exiting constructor. Consider adding the 'required' modifier or declaring the property as nullable. [c:\Users\memos\OneDrive\Desktop\Projects\Community Car MVC\src\CommunityCar.Domain\CommunityCar.Domain.csproj]
c:\Users\memos\OneDrive\Desktop\Projects\Community Car MVC\src\CommunityCar.Domain\Entities\Profile\UserProfile.cs(26,13): warning CS8618: Non-nullable property 'FirstName' must contain a non-null value when exiting constructor. Consider adding the 'required' modifier or declaring the property as nullable. [c:\Users\memos\OneDrive\Desktop\Projects\Community Car MVC\src\CommunityCar.Domain\CommunityCar.Domain.csproj]
c:\Users\memos\OneDrive\Desktop\Projects\Community Car MVC\src\CommunityCar.Domain\Entities\Profile\UserProfile.cs(26,13): warning CS8618: Non-nullable property 'LastName' must contain a non-null value when exiting constructor. Consider adding the 'required' modifier or declaring the property as nullable. [c:\Users\memos\OneDrive\Desktop\Projects\Community Car MVC\src\CommunityCar.Domain\CommunityCar.Domain.csproj]
c:\Users\memos\OneDrive\Desktop\Projects\Community Car MVC\src\CommunityCar.Domain\Entities\Profile\UserProfile.cs(33,15): warning CS8604: Possible null reference argument for parameter 'user' in 'void BaseEntity.Audit(string user)'. [c:\Users\memos\OneDrive\Desktop\Projects\Community Car MVC\src\CommunityCar.Domain\CommunityCar.Domain.csproj]
c:\Users\memos\OneDrive\Desktop\Projects\Community Car MVC\src\CommunityCar.Domain\Entities\Community\Groups\Group.cs(66,13): warning CS8618: Non-nullable property 'Name' must contain a non-null value when exiting constructor. Consider adding the 'required' modifier or declaring the property as nullable. [c:\Users\memos\OneDrive\Desktop\Projects\Community Car MVC\src\CommunityCar.Domain\CommunityCar.Domain.csproj]
c:\Users\memos\OneDrive\Desktop\Projects\Community Car MVC\src\CommunityCar.Domain\Entities\Community\Groups\Group.cs(66,13): warning CS8618: Non-nullable property 'Description' must contain a non-null value when exiting constructor. Consider adding the 'required' modifier or declaring the property as nullable. [c:\Users\memos\OneDrive\Desktop\Projects\Community Car MVC\src\CommunityCar.Domain\CommunityCar.Domain.csproj]
c:\Users\memos\OneDrive\Desktop\Projects\Community Car MVC\src\CommunityCar.Domain\Entities\Dashboard\Analytics\UserAnalytics.cs(75,15): warning CS8604: Possible null reference argument for parameter 'user' in 'void BaseEntity.Audit(string user)'. [c:\Users\memos\OneDrive\Desktop\Projects\Community Car MVC\src\CommunityCar.Domain\CommunityCar.Domain.csproj]
c:\Users\memos\OneDrive\Desktop\Projects\Community Car MVC\src\CommunityCar.Domain\Entities\Dashboard\Analytics\UserAnalytics.cs(36,15): warning CS8604: Possible null reference argument for parameter 'user' in 'void BaseEntity.Audit(string user)'. [c:\Users\memos\OneDrive\Desktop\Projects\Community Car MVC\src\CommunityCar.Domain\CommunityCar.Domain.csproj]
c:\Users\memos\OneDrive\Desktop\Projects\Community Car MVC\src\CommunityCar.Domain\Entities\Community\Guides\Guide.cs(75,13): warning CS8618: Non-nullable property 'Title' must contain a non-null value when exiting constructor. Consider adding the 'required' modifier or declaring the property as nullable. [c:\Users\memos\OneDrive\Desktop\Projects\Community Car MVC\src\CommunityCar.Domain\CommunityCar.Domain.csproj]
c:\Users\memos\OneDrive\Desktop\Projects\Community Car MVC\src\CommunityCar.Domain\Entities\Community\Guides\Guide.cs(75,13): warning CS8618: Non-nullable property 'Content' must contain a non-null value when exiting constructor. Consider adding the 'required' modifier or declaring the property as nullable. [c:\Users\memos\OneDrive\Desktop\Projects\Community Car MVC\src\CommunityCar.Domain\CommunityCar.Domain.csproj]
c:\Users\memos\OneDrive\Desktop\Projects\Community Car MVC\src\CommunityCar.Domain\Entities\Community\Reviews\Review.cs(78,13): warning CS8618: Non-nullable property 'TargetType' must contain a non-null value when exiting constructor. Consider adding the 'required' modifier or declaring the property as nullable. [c:\Users\memos\OneDrive\Desktop\Projects\Community Car MVC\src\CommunityCar.Domain\CommunityCar.Domain.csproj]
c:\Users\memos\OneDrive\Desktop\Projects\Community Car MVC\src\CommunityCar.Domain\Entities\Community\Reviews\Review.cs(78,13): warning CS8618: Non-nullable property 'Title' must contain a non-null value when exiting constructor. Consider adding the 'required' modifier or declaring the property as nullable. [c:\Users\memos\OneDrive\Desktop\Projects\Community Car MVC\src\CommunityCar.Domain\CommunityCar.Domain.csproj]
c:\Users\memos\OneDrive\Desktop\Projects\Community Car MVC\src\CommunityCar.Domain\Entities\Community\Reviews\Review.cs(78,13): warning CS8618: Non-nullable property 'Comment' must contain a non-null value when exiting constructor. Consider adding the 'required' modifier or declaring the property as nullable. [c:\Users\memos\OneDrive\Desktop\Projects\Community Car MVC\src\CommunityCar.Domain\CommunityCar.Domain.csproj]
c:\Users\memos\OneDrive\Desktop\Projects\Community Car MVC\src\CommunityCar.Domain\Entities\Community\Reviews\Review.cs(86,15): warning CS8604: Possible null reference argument for parameter 'user' in 'void BaseEntity.Audit(string user)'. [c:\Users\memos\OneDrive\Desktop\Projects\Community Car MVC\src\CommunityCar.Domain\CommunityCar.Domain.csproj]
c:\Users\memos\OneDrive\Desktop\Projects\Community Car MVC\src\CommunityCar.Domain\Entities\Community\Reviews\Review.cs(94,15): warning CS8604: Possible null reference argument for parameter 'user' in 'void BaseEntity.Audit(string user)'. [c:\Users\memos\OneDrive\Desktop\Projects\Community Car MVC\src\CommunityCar.Domain\CommunityCar.Domain.csproj]
c:\Users\memos\OneDrive\Desktop\Projects\Community Car MVC\src\CommunityCar.Domain\Entities\Community\Reviews\Review.cs(104,15): warning CS8604: Possible null reference argument for parameter 'user' in 'void BaseEntity.Audit(string user)'. [c:\Users\memos\OneDrive\Desktop\Projects\Community Car MVC\src\CommunityCar.Domain\CommunityCar.Domain.csproj]
c:\Users\memos\OneDrive\Desktop\Projects\Community Car MVC\src\CommunityCar.Domain\Entities\Community\Reviews\Review.cs(112,15): warning CS8604: Possible null reference argument for parameter 'user' in 'void BaseEntity.Audit(string user)'. [c:\Users\memos\OneDrive\Desktop\Projects\Community Car MVC\src\CommunityCar.Domain\CommunityCar.Domain.csproj]
c:\Users\memos\OneDrive\Desktop\Projects\Community Car MVC\src\CommunityCar.Domain\Entities\Community\Reviews\Review.cs(122,15): warning CS8604: Possible null reference argument for parameter 'user' in 'void BaseEntity.Audit(string user)'. [c:\Users\memos\OneDrive\Desktop\Projects\Community Car MVC\src\CommunityCar.Domain\CommunityCar.Domain.csproj]
c:\Users\memos\OneDrive\Desktop\Projects\Community Car MVC\src\CommunityCar.Domain\Entities\Community\Reviews\Review.cs(128,15): warning CS8604: Possible null reference argument for parameter 'user' in 'void BaseEntity.Audit(string user)'. [c:\Users\memos\OneDrive\Desktop\Projects\Community Car MVC\src\CommunityCar.Domain\CommunityCar.Domain.csproj]
c:\Users\memos\OneDrive\Desktop\Projects\Community Car MVC\src\CommunityCar.Domain\Entities\Community\Reviews\Review.cs(136,19): warning CS8604: Possible null reference argument for parameter 'user' in 'void BaseEntity.Audit(string user)'. [c:\Users\memos\OneDrive\Desktop\Projects\Community Car MVC\src\CommunityCar.Domain\CommunityCar.Domain.csproj]
c:\Users\memos\OneDrive\Desktop\Projects\Community Car MVC\src\CommunityCar.Domain\Entities\Community\Reviews\Review.cs(144,19): warning CS8604: Possible null reference argument for parameter 'user' in 'void BaseEntity.Audit(string user)'. [c:\Users\memos\OneDrive\Desktop\Projects\Community Car MVC\src\CommunityCar.Domain\CommunityCar.Domain.csproj]
c:\Users\memos\OneDrive\Desktop\Projects\Community Car MVC\src\CommunityCar.Domain\Entities\Community\Reviews\Review.cs(153,19): warning CS8604: Possible null reference argument for parameter 'user' in 'void BaseEntity.Audit(string user)'. [c:\Users\memos\OneDrive\Desktop\Projects\Community Car MVC\src\CommunityCar.Domain\CommunityCar.Domain.csproj]
c:\Users\memos\OneDrive\Desktop\Projects\Community Car MVC\src\CommunityCar.Domain\Entities\Community\Reviews\Review.cs(161,19): warning CS8604: Possible null reference argument for parameter 'user' in 'void BaseEntity.Audit(string user)'. [c:\Users\memos\OneDrive\Desktop\Projects\Community Car MVC\src\CommunityCar.Domain\CommunityCar.Domain.csproj]
c:\Users\memos\OneDrive\Desktop\Projects\Community Car MVC\src\CommunityCar.Domain\Entities\Community\Reviews\Review.cs(170,19): warning CS8604: Possible null reference argument for parameter 'user' in 'void BaseEntity.Audit(string user)'. [c:\Users\memos\OneDrive\Desktop\Projects\Community Car MVC\src\CommunityCar.Domain\CommunityCar.Domain.csproj]
c:\Users\memos\OneDrive\Desktop\Projects\Community Car MVC\src\CommunityCar.Domain\Entities\Community\Reviews\Review.cs(178,19): warning CS8604: Possible null reference argument for parameter 'user' in 'void BaseEntity.Audit(string user)'. [c:\Users\memos\OneDrive\Desktop\Projects\Community Car MVC\src\CommunityCar.Domain\CommunityCar.Domain.csproj]
c:\Users\memos\OneDrive\Desktop\Projects\Community Car MVC\src\CommunityCar.Domain\Entities\Community\Reviews\Review.cs(186,15): warning CS8604: Possible null reference argument for parameter 'user' in 'void BaseEntity.Audit(string user)'. [c:\Users\memos\OneDrive\Desktop\Projects\Community Car MVC\src\CommunityCar.Domain\CommunityCar.Domain.csproj]
c:\Users\memos\OneDrive\Desktop\Projects\Community Car MVC\src\CommunityCar.Domain\Entities\Community\Reviews\Review.cs(192,15): warning CS8604: Possible null reference argument for parameter 'user' in 'void BaseEntity.Audit(string user)'. [c:\Users\memos\OneDrive\Desktop\Projects\Community Car MVC\src\CommunityCar.Domain\CommunityCar.Domain.csproj]
c:\Users\memos\OneDrive\Desktop\Projects\Community Car MVC\src\CommunityCar.Domain\Entities\Community\Reviews\Review.cs(198,15): warning CS8604: Possible null reference argument for parameter 'user' in 'void BaseEntity.Audit(string user)'. [c:\Users\memos\OneDrive\Desktop\Projects\Community Car MVC\src\CommunityCar.Domain\CommunityCar.Domain.csproj]
c:\Users\memos\OneDrive\Desktop\Projects\Community Car MVC\src\CommunityCar.Domain\Entities\Community\Reviews\Review.cs(245,30): warning CS8629: Nullable value type may be null. [c:\Users\memos\OneDrive\Desktop\Projects\Community Car MVC\src\CommunityCar.Domain\CommunityCar.Domain.csproj]
c:\Users\memos\OneDrive\Desktop\Projects\Community Car MVC\src\CommunityCar.Domain\Entities\Dashboard\Reports\SystemReport.cs(36,15): warning CS8604: Possible null reference argument for parameter 'user' in 'void BaseEntity.Audit(string user)'. [c:\Users\memos\OneDrive\Desktop\Projects\Community Car MVC\src\CommunityCar.Domain\CommunityCar.Domain.csproj]
c:\Users\memos\OneDrive\Desktop\Projects\Community Car MVC\src\CommunityCar.Domain\Entities\Dashboard\Reports\SystemReport.cs(42,15): warning CS8604: Possible null reference argument for parameter 'user' in 'void BaseEntity.Audit(string user)'. [c:\Users\memos\OneDrive\Desktop\Projects\Community Car MVC\src\CommunityCar.Domain\CommunityCar.Domain.csproj]
c:\Users\memos\OneDrive\Desktop\Projects\Community Car MVC\src\CommunityCar.Domain\Entities\Dashboard\Reports\SystemReport.cs(48,15): warning CS8604: Possible null reference argument for parameter 'user' in 'void BaseEntity.Audit(string user)'. [c:\Users\memos\OneDrive\Desktop\Projects\Community Car MVC\src\CommunityCar.Domain\CommunityCar.Domain.csproj]
c:\Users\memos\OneDrive\Desktop\Projects\Community Car MVC\src\CommunityCar.Domain\Entities\Dashboard\Reports\Report.cs(91,15): warning CS8604: Possible null reference argument for parameter 'user' in 'void BaseEntity.Audit(string user)'. [c:\Users\memos\OneDrive\Desktop\Projects\Community Car MVC\src\CommunityCar.Domain\CommunityCar.Domain.csproj]
c:\Users\memos\OneDrive\Desktop\Projects\Community Car MVC\src\CommunityCar.Domain\Entities\Dashboard\Reports\Report.cs(97,15): warning CS8604: Possible null reference argument for parameter 'user' in 'void BaseEntity.Audit(string user)'. [c:\Users\memos\OneDrive\Desktop\Projects\Community Car MVC\src\CommunityCar.Domain\CommunityCar.Domain.csproj]
c:\Users\memos\OneDrive\Desktop\Projects\Community Car MVC\src\CommunityCar.Domain\Entities\Dashboard\Reports\Report.cs(47,15): warning CS8604: Possible null reference argument for parameter 'user' in 'void BaseEntity.Audit(string user)'. [c:\Users\memos\OneDrive\Desktop\Projects\Community Car MVC\src\CommunityCar.Domain\CommunityCar.Domain.csproj]
c:\Users\memos\OneDrive\Desktop\Projects\Community Car MVC\src\CommunityCar.Domain\Entities\Dashboard\Reports\Report.cs(57,15): warning CS8604: Possible null reference argument for parameter 'user' in 'void BaseEntity.Audit(string user)'. [c:\Users\memos\OneDrive\Desktop\Projects\Community Car MVC\src\CommunityCar.Domain\CommunityCar.Domain.csproj]
c:\Users\memos\OneDrive\Desktop\Projects\Community Car MVC\src\CommunityCar.Domain\Entities\Dashboard\Reports\Report.cs(65,15): warning CS8604: Possible null reference argument for parameter 'user' in 'void BaseEntity.Audit(string user)'. [c:\Users\memos\OneDrive\Desktop\Projects\Community Car MVC\src\CommunityCar.Domain\CommunityCar.Domain.csproj]
c:\Users\memos\OneDrive\Desktop\Projects\Community Car MVC\src\CommunityCar.Domain\Entities\Community\Maps\CheckIn.cs(36,15): warning CS8604: Possible null reference argument for parameter 'user' in 'void BaseEntity.Audit(string user)'. [c:\Users\memos\OneDrive\Desktop\Projects\Community Car MVC\src\CommunityCar.Domain\CommunityCar.Domain.csproj]
c:\Users\memos\OneDrive\Desktop\Projects\Community Car MVC\src\CommunityCar.Domain\Entities\Community\Maps\CheckIn.cs(42,15): warning CS8604: Possible null reference argument for parameter 'user' in 'void BaseEntity.Audit(string user)'. [c:\Users\memos\OneDrive\Desktop\Projects\Community Car MVC\src\CommunityCar.Domain\CommunityCar.Domain.csproj]
c:\Users\memos\OneDrive\Desktop\Projects\Community Car MVC\src\CommunityCar.Domain\Entities\Dashboard\Reports\Report.cs(72,15): warning CS8604: Possible null reference argument for parameter 'user' in 'void BaseEntity.Audit(string user)'. [c:\Users\memos\OneDrive\Desktop\Projects\Community Car MVC\src\CommunityCar.Domain\CommunityCar.Domain.csproj]
c:\Users\memos\OneDrive\Desktop\Projects\Community Car MVC\src\CommunityCar.Domain\Entities\Community\Maps\CheckIn.cs(50,15): warning CS8604: Possible null reference argument for parameter 'user' in 'void BaseEntity.Audit(string user)'. [c:\Users\memos\OneDrive\Desktop\Projects\Community Car MVC\src\CommunityCar.Domain\CommunityCar.Domain.csproj]
c:\Users\memos\OneDrive\Desktop\Projects\Community Car MVC\src\CommunityCar.Domain\Entities\Community\Maps\CheckIn.cs(56,15): warning CS8604: Possible null reference argument for parameter 'user' in 'void BaseEntity.Audit(string user)'. [c:\Users\memos\OneDrive\Desktop\Projects\Community Car MVC\src\CommunityCar.Domain\CommunityCar.Domain.csproj]
c:\Users\memos\OneDrive\Desktop\Projects\Community Car MVC\src\CommunityCar.Domain\Entities\Dashboard\Analytics\ContentAnalytics.cs(37,15): warning CS8604: Possible null reference argument for parameter 'user' in 'void BaseEntity.Audit(string user)'. [c:\Users\memos\OneDrive\Desktop\Projects\Community Car MVC\src\CommunityCar.Domain\CommunityCar.Domain.csproj]
c:\Users\memos\OneDrive\Desktop\Projects\Community Car MVC\src\CommunityCar.Domain\Entities\Dashboard\Overview\DashboardOverview.cs(48,15): warning CS8604: Possible null reference argument for parameter 'user' in 'void BaseEntity.Audit(string user)'. [c:\Users\memos\OneDrive\Desktop\Projects\Community Car MVC\src\CommunityCar.Domain\CommunityCar.Domain.csproj]
c:\Users\memos\OneDrive\Desktop\Projects\Community Car MVC\src\CommunityCar.Domain\Entities\Community\News\NewsItem.cs(66,13): warning CS8618: Non-nullable property 'Headline' must contain a non-null value when exiting constructor. Consider adding the 'required' modifier or declaring the property as nullable. [c:\Users\memos\OneDrive\Desktop\Projects\Community Car MVC\src\CommunityCar.Domain\CommunityCar.Domain.csproj]
c:\Users\memos\OneDrive\Desktop\Projects\Community Car MVC\src\CommunityCar.Domain\Entities\Community\News\NewsItem.cs(66,13): warning CS8618: Non-nullable property 'Body' must contain a non-null value when exiting constructor. Consider adding the 'required' modifier or declaring the property as nullable. [c:\Users\memos\OneDrive\Desktop\Projects\Community Car MVC\src\CommunityCar.Domain\CommunityCar.Domain.csproj]
c:\Users\memos\OneDrive\Desktop\Projects\Community Car MVC\src\CommunityCar.Domain\Entities\Community\News\NewsItem.cs(74,15): warning CS8604: Possible null reference argument for parameter 'user' in 'void BaseEntity.Audit(string user)'. [c:\Users\memos\OneDrive\Desktop\Projects\Community Car MVC\src\CommunityCar.Domain\CommunityCar.Domain.csproj]
c:\Users\memos\OneDrive\Desktop\Projects\Community Car MVC\src\CommunityCar.Domain\Entities\Community\News\NewsItem.cs(80,15): warning CS8604: Possible null reference argument for parameter 'user' in 'void BaseEntity.Audit(string user)'. [c:\Users\memos\OneDrive\Desktop\Projects\Community Car MVC\src\CommunityCar.Domain\CommunityCar.Domain.csproj]
c:\Users\memos\OneDrive\Desktop\Projects\Community Car MVC\src\CommunityCar.Domain\Entities\Community\News\NewsItem.cs(88,19): warning CS8604: Possible null reference argument for parameter 'user' in 'void BaseEntity.Audit(string user)'. [c:\Users\memos\OneDrive\Desktop\Projects\Community Car MVC\src\CommunityCar.Domain\CommunityCar.Domain.csproj]
c:\Users\memos\OneDrive\Desktop\Projects\Community Car MVC\src\CommunityCar.Domain\Entities\Community\News\NewsItem.cs(96,19): warning CS8604: Possible null reference argument for parameter 'user' in 'void BaseEntity.Audit(string user)'. [c:\Users\memos\OneDrive\Desktop\Projects\Community Car MVC\src\CommunityCar.Domain\CommunityCar.Domain.csproj]
c:\Users\memos\OneDrive\Desktop\Projects\Community Car MVC\src\CommunityCar.Domain\Entities\Community\News\NewsItem.cs(104,15): warning CS8604: Possible null reference argument for parameter 'user' in 'void BaseEntity.Audit(string user)'. [c:\Users\memos\OneDrive\Desktop\Projects\Community Car MVC\src\CommunityCar.Domain\CommunityCar.Domain.csproj]
c:\Users\memos\OneDrive\Desktop\Projects\Community Car MVC\src\CommunityCar.Domain\Entities\Community\News\NewsItem.cs(110,15): warning CS8604: Possible null reference argument for parameter 'user' in 'void BaseEntity.Audit(string user)'. [c:\Users\memos\OneDrive\Desktop\Projects\Community Car MVC\src\CommunityCar.Domain\CommunityCar.Domain.csproj]
c:\Users\memos\OneDrive\Desktop\Projects\Community Car MVC\src\CommunityCar.Domain\Entities\Community\News\NewsItem.cs(116,15): warning CS8604: Possible null reference argument for parameter 'user' in 'void BaseEntity.Audit(string user)'. [c:\Users\memos\OneDrive\Desktop\Projects\Community Car MVC\src\CommunityCar.Domain\CommunityCar.Domain.csproj]
c:\Users\memos\OneDrive\Desktop\Projects\Community Car MVC\src\CommunityCar.Domain\Entities\Community\News\NewsItem.cs(122,15): warning CS8604: Possible null reference argument for parameter 'user' in 'void BaseEntity.Audit(string user)'. [c:\Users\memos\OneDrive\Desktop\Projects\Community Car MVC\src\CommunityCar.Domain\CommunityCar.Domain.csproj]
c:\Users\memos\OneDrive\Desktop\Projects\Community Car MVC\src\CommunityCar.Domain\Entities\Community\News\NewsItem.cs(128,15): warning CS8604: Possible null reference argument for parameter 'user' in 'void BaseEntity.Audit(string user)'. [c:\Users\memos\OneDrive\Desktop\Projects\Community Car MVC\src\CommunityCar.Domain\CommunityCar.Domain.csproj]
c:\Users\memos\OneDrive\Desktop\Projects\Community Car MVC\src\CommunityCar.Domain\Entities\Community\News\NewsItem.cs(135,15): warning CS8604: Possible null reference argument for parameter 'user' in 'void BaseEntity.Audit(string user)'. [c:\Users\memos\OneDrive\Desktop\Projects\Community Car MVC\src\CommunityCar.Domain\CommunityCar.Domain.csproj]
c:\Users\memos\OneDrive\Desktop\Projects\Community Car MVC\src\CommunityCar.Domain\Entities\Community\News\NewsItem.cs(142,15): warning CS8604: Possible null reference argument for parameter 'user' in 'void BaseEntity.Audit(string user)'. [c:\Users\memos\OneDrive\Desktop\Projects\Community Car MVC\src\CommunityCar.Domain\CommunityCar.Domain.csproj]
c:\Users\memos\OneDrive\Desktop\Projects\Community Car MVC\src\CommunityCar.Domain\Entities\Community\News\NewsItem.cs(150,19): warning CS8604: Possible null reference argument for parameter 'user' in 'void BaseEntity.Audit(string user)'. [c:\Users\memos\OneDrive\Desktop\Projects\Community Car MVC\src\CommunityCar.Domain\CommunityCar.Domain.csproj]
c:\Users\memos\OneDrive\Desktop\Projects\Community Car MVC\src\CommunityCar.Domain\Entities\Community\News\NewsItem.cs(158,19): warning CS8604: Possible null reference argument for parameter 'user' in 'void BaseEntity.Audit(string user)'. [c:\Users\memos\OneDrive\Desktop\Projects\Community Car MVC\src\CommunityCar.Domain\CommunityCar.Domain.csproj]
c:\Users\memos\OneDrive\Desktop\Projects\Community Car MVC\src\CommunityCar.Domain\Entities\Community\News\NewsItem.cs(167,15): warning CS8604: Possible null reference argument for parameter 'user' in 'void BaseEntity.Audit(string user)'. [c:\Users\memos\OneDrive\Desktop\Projects\Community Car MVC\src\CommunityCar.Domain\CommunityCar.Domain.csproj]
c:\Users\memos\OneDrive\Desktop\Projects\Community Car MVC\src\CommunityCar.Domain\Entities\Dashboard\Monitoring\SystemHealth.cs(38,15): warning CS8604: Possible null reference argument for parameter 'user' in 'void BaseEntity.Audit(string user)'. [c:\Users\memos\OneDrive\Desktop\Projects\Community Car MVC\src\CommunityCar.Domain\CommunityCar.Domain.csproj]
c:\Users\memos\OneDrive\Desktop\Projects\Community Car MVC\src\CommunityCar.Domain\Entities\Community\Posts\Post.cs(30,13): warning CS8618: Non-nullable property 'Title' must contain a non-null value when exiting constructor. Consider adding the 'required' modifier or declaring the property as nullable. [c:\Users\memos\OneDrive\Desktop\Projects\Community Car MVC\src\CommunityCar.Domain\CommunityCar.Domain.csproj]
c:\Users\memos\OneDrive\Desktop\Projects\Community Car MVC\src\CommunityCar.Domain\Entities\Community\Posts\Post.cs(30,13): warning CS8618: Non-nullable property 'Content' must contain a non-null value when exiting constructor. Consider adding the 'required' modifier or declaring the property as nullable. [c:\Users\memos\OneDrive\Desktop\Projects\Community Car MVC\src\CommunityCar.Domain\CommunityCar.Domain.csproj]
c:\Users\memos\OneDrive\Desktop\Projects\Community Car MVC\src\CommunityCar.Domain\Entities\Dashboard\Management\UserManagement.cs(27,15): warning CS8604: Possible null reference argument for parameter 'user' in 'void BaseEntity.Audit(string user)'. [c:\Users\memos\OneDrive\Desktop\Projects\Community Car MVC\src\CommunityCar.Domain\CommunityCar.Domain.csproj]
c:\Users\memos\OneDrive\Desktop\Projects\Community Car MVC\src\CommunityCar.Domain\Entities\Dashboard\Management\Ticket.cs(26,15): warning CS8604: Possible null reference argument for parameter 'user' in 'void BaseEntity.Audit(string user)'. [c:\Users\memos\OneDrive\Desktop\Projects\Community Car MVC\src\CommunityCar.Domain\CommunityCar.Domain.csproj]
c:\Users\memos\OneDrive\Desktop\Projects\Community Car MVC\src\CommunityCar.Domain\Entities\Community\Maps\Route.cs(80,13): warning CS8618: Non-nullable property 'Name' must contain a non-null value when exiting constructor. Consider adding the 'required' modifier or declaring the property as nullable. [c:\Users\memos\OneDrive\Desktop\Projects\Community Car MVC\src\CommunityCar.Domain\CommunityCar.Domain.csproj]
c:\Users\memos\OneDrive\Desktop\Projects\Community Car MVC\src\CommunityCar.Domain\Entities\Community\Maps\Route.cs(80,13): warning CS8618: Non-nullable property 'Description' must contain a non-null value when exiting constructor. Consider adding the 'required' modifier or declaring the property as nullable. [c:\Users\memos\OneDrive\Desktop\Projects\Community Car MVC\src\CommunityCar.Domain\CommunityCar.Domain.csproj]
c:\Users\memos\OneDrive\Desktop\Projects\Community Car MVC\src\CommunityCar.Domain\Entities\Community\Maps\Route.cs(88,15): warning CS8604: Possible null reference argument for parameter 'user' in 'void BaseEntity.Audit(string user)'. [c:\Users\memos\OneDrive\Desktop\Projects\Community Car MVC\src\CommunityCar.Domain\CommunityCar.Domain.csproj]
c:\Users\memos\OneDrive\Desktop\Projects\Community Car MVC\src\CommunityCar.Domain\Entities\Community\Maps\Route.cs(95,15): warning CS8604: Possible null reference argument for parameter 'user' in 'void BaseEntity.Audit(string user)'. [c:\Users\memos\OneDrive\Desktop\Projects\Community Car MVC\src\CommunityCar.Domain\CommunityCar.Domain.csproj]
c:\Users\memos\OneDrive\Desktop\Projects\Community Car MVC\src\CommunityCar.Domain\Entities\Community\Maps\Route.cs(106,15): warning CS8604: Possible null reference argument for parameter 'user' in 'void BaseEntity.Audit(string user)'. [c:\Users\memos\OneDrive\Desktop\Projects\Community Car MVC\src\CommunityCar.Domain\CommunityCar.Domain.csproj]
c:\Users\memos\OneDrive\Desktop\Projects\Community Car MVC\src\CommunityCar.Domain\Entities\Community\Maps\Route.cs(114,15): warning CS8604: Possible null reference argument for parameter 'user' in 'void BaseEntity.Audit(string user)'. [c:\Users\memos\OneDrive\Desktop\Projects\Community Car MVC\src\CommunityCar.Domain\CommunityCar.Domain.csproj]
c:\Users\memos\OneDrive\Desktop\Projects\Community Car MVC\src\CommunityCar.Domain\Entities\Community\Maps\Route.cs(124,15): warning CS8604: Possible null reference argument for parameter 'user' in 'void BaseEntity.Audit(string user)'. [c:\Users\memos\OneDrive\Desktop\Projects\Community Car MVC\src\CommunityCar.Domain\CommunityCar.Domain.csproj]
c:\Users\memos\OneDrive\Desktop\Projects\Community Car MVC\src\CommunityCar.Domain\Entities\Community\Maps\Route.cs(139,19): warning CS8604: Possible null reference argument for parameter 'user' in 'void BaseEntity.Audit(string user)'. [c:\Users\memos\OneDrive\Desktop\Projects\Community Car MVC\src\CommunityCar.Domain\CommunityCar.Domain.csproj]
c:\Users\memos\OneDrive\Desktop\Projects\Community Car MVC\src\CommunityCar.Domain\Entities\Community\Maps\Route.cs(146,15): warning CS8604: Possible null reference argument for parameter 'user' in 'void BaseEntity.Audit(string user)'. [c:\Users\memos\OneDrive\Desktop\Projects\Community Car MVC\src\CommunityCar.Domain\CommunityCar.Domain.csproj]
c:\Users\memos\OneDrive\Desktop\Projects\Community Car MVC\src\CommunityCar.Domain\Entities\Community\Maps\Route.cs(152,15): warning CS8604: Possible null reference argument for parameter 'user' in 'void BaseEntity.Audit(string user)'. [c:\Users\memos\OneDrive\Desktop\Projects\Community Car MVC\src\CommunityCar.Domain\CommunityCar.Domain.csproj]
c:\Users\memos\OneDrive\Desktop\Projects\Community Car MVC\src\CommunityCar.Domain\Entities\Community\Maps\Route.cs(160,19): warning CS8604: Possible null reference argument for parameter 'user' in 'void BaseEntity.Audit(string user)'. [c:\Users\memos\OneDrive\Desktop\Projects\Community Car MVC\src\CommunityCar.Domain\CommunityCar.Domain.csproj]
c:\Users\memos\OneDrive\Desktop\Projects\Community Car MVC\src\CommunityCar.Domain\Entities\Community\Maps\Route.cs(168,19): warning CS8604: Possible null reference argument for parameter 'user' in 'void BaseEntity.Audit(string user)'. [c:\Users\memos\OneDrive\Desktop\Projects\Community Car MVC\src\CommunityCar.Domain\CommunityCar.Domain.csproj]
c:\Users\memos\OneDrive\Desktop\Projects\Community Car MVC\src\CommunityCar.Domain\Entities\Community\Maps\Route.cs(177,19): warning CS8604: Possible null reference argument for parameter 'user' in 'void BaseEntity.Audit(string user)'. [c:\Users\memos\OneDrive\Desktop\Projects\Community Car MVC\src\CommunityCar.Domain\CommunityCar.Domain.csproj]
c:\Users\memos\OneDrive\Desktop\Projects\Community Car MVC\src\CommunityCar.Domain\Entities\Community\Maps\Route.cs(185,19): warning CS8604: Possible null reference argument for parameter 'user' in 'void BaseEntity.Audit(string user)'. [c:\Users\memos\OneDrive\Desktop\Projects\Community Car MVC\src\CommunityCar.Domain\CommunityCar.Domain.csproj]
c:\Users\memos\OneDrive\Desktop\Projects\Community Car MVC\src\CommunityCar.Domain\Entities\Community\Maps\Route.cs(193,15): warning CS8604: Possible null reference argument for parameter 'user' in 'void BaseEntity.Audit(string user)'. [c:\Users\memos\OneDrive\Desktop\Projects\Community Car MVC\src\CommunityCar.Domain\CommunityCar.Domain.csproj]
c:\Users\memos\OneDrive\Desktop\Projects\Community Car MVC\src\CommunityCar.Domain\Entities\Community\Maps\Route.cs(199,15): warning CS8604: Possible null reference argument for parameter 'user' in 'void BaseEntity.Audit(string user)'. [c:\Users\memos\OneDrive\Desktop\Projects\Community Car MVC\src\CommunityCar.Domain\CommunityCar.Domain.csproj]
c:\Users\memos\OneDrive\Desktop\Projects\Community Car MVC\src\CommunityCar.Domain\Entities\Community\Maps\PointOfInterest.cs(90,13): warning CS8618: Non-nullable property 'Name' must contain a non-null value when exiting constructor. Consider adding the 'required' modifier or declaring the property as nullable. [c:\Users\memos\OneDrive\Desktop\Projects\Community Car MVC\src\CommunityCar.Domain\CommunityCar.Domain.csproj]
c:\Users\memos\OneDrive\Desktop\Projects\Community Car MVC\src\CommunityCar.Domain\Entities\Community\Maps\PointOfInterest.cs(90,13): warning CS8618: Non-nullable property 'Description' must contain a non-null value when exiting constructor. Consider adding the 'required' modifier or declaring the property as nullable. [c:\Users\memos\OneDrive\Desktop\Projects\Community Car MVC\src\CommunityCar.Domain\CommunityCar.Domain.csproj]
c:\Users\memos\OneDrive\Desktop\Projects\Community Car MVC\src\CommunityCar.Domain\Entities\Community\Maps\PointOfInterest.cs(98,15): warning CS8604: Possible null reference argument for parameter 'user' in 'void BaseEntity.Audit(string user)'. [c:\Users\memos\OneDrive\Desktop\Projects\Community Car MVC\src\CommunityCar.Domain\CommunityCar.Domain.csproj]
c:\Users\memos\OneDrive\Desktop\Projects\Community Car MVC\src\CommunityCar.Domain\Entities\Community\QA\Question.cs(59,13): warning CS8618: Non-nullable property 'Title' must contain a non-null value when exiting constructor. Consider adding the 'required' modifier or declaring the property as nullable. [c:\Users\memos\OneDrive\Desktop\Projects\Community Car MVC\src\CommunityCar.Domain\CommunityCar.Domain.csproj]
c:\Users\memos\OneDrive\Desktop\Projects\Community Car MVC\src\CommunityCar.Domain\Entities\Community\QA\Question.cs(59,13): warning CS8618: Non-nullable property 'Body' must contain a non-null value when exiting constructor. Consider adding the 'required' modifier or declaring the property as nullable. [c:\Users\memos\OneDrive\Desktop\Projects\Community Car MVC\src\CommunityCar.Domain\CommunityCar.Domain.csproj]
c:\Users\memos\OneDrive\Desktop\Projects\Community Car MVC\src\CommunityCar.Domain\Entities\Community\Maps\PointOfInterest.cs(107,15): warning CS8604: Possible null reference argument for parameter 'user' in 'void BaseEntity.Audit(string user)'. [c:\Users\memos\OneDrive\Desktop\Projects\Community Car MVC\src\CommunityCar.Domain\CommunityCar.Domain.csproj]
c:\Users\memos\OneDrive\Desktop\Projects\Community Car MVC\src\CommunityCar.Domain\Entities\Community\QA\Question.cs(67,15): warning CS8604: Possible null reference argument for parameter 'user' in 'void BaseEntity.Audit(string user)'. [c:\Users\memos\OneDrive\Desktop\Projects\Community Car MVC\src\CommunityCar.Domain\CommunityCar.Domain.csproj]
c:\Users\memos\OneDrive\Desktop\Projects\Community Car MVC\src\CommunityCar.Domain\Entities\Community\Maps\PointOfInterest.cs(115,15): warning CS8604: Possible null reference argument for parameter 'user' in 'void BaseEntity.Audit(string user)'. [c:\Users\memos\OneDrive\Desktop\Projects\Community Car MVC\src\CommunityCar.Domain\CommunityCar.Domain.csproj]
c:\Users\memos\OneDrive\Desktop\Projects\Community Car MVC\src\CommunityCar.Domain\Entities\Community\Maps\PointOfInterest.cs(122,15): warning CS8604: Possible null reference argument for parameter 'user' in 'void BaseEntity.Audit(string user)'. [c:\Users\memos\OneDrive\Desktop\Projects\Community Car MVC\src\CommunityCar.Domain\CommunityCar.Domain.csproj]
c:\Users\memos\OneDrive\Desktop\Projects\Community Car MVC\src\CommunityCar.Domain\Entities\Community\Maps\PointOfInterest.cs(128,15): warning CS8604: Possible null reference argument for parameter 'user' in 'void BaseEntity.Audit(string user)'. [c:\Users\memos\OneDrive\Desktop\Projects\Community Car MVC\src\CommunityCar.Domain\CommunityCar.Domain.csproj]
c:\Users\memos\OneDrive\Desktop\Projects\Community Car MVC\src\CommunityCar.Domain\Entities\Community\QA\Question.cs(90,15): warning CS8604: Possible null reference argument for parameter 'user' in 'void BaseEntity.Audit(string user)'. [c:\Users\memos\OneDrive\Desktop\Projects\Community Car MVC\src\CommunityCar.Domain\CommunityCar.Domain.csproj]
c:\Users\memos\OneDrive\Desktop\Projects\Community Car MVC\src\CommunityCar.Domain\Entities\Community\QA\Question.cs(96,15): warning CS8604: Possible null reference argument for parameter 'user' in 'void BaseEntity.Audit(string user)'. [c:\Users\memos\OneDrive\Desktop\Projects\Community Car MVC\src\CommunityCar.Domain\CommunityCar.Domain.csproj]
c:\Users\memos\OneDrive\Desktop\Projects\Community Car MVC\src\CommunityCar.Domain\Entities\Community\Maps\PointOfInterest.cs(136,19): warning CS8604: Possible null reference argument for parameter 'user' in 'void BaseEntity.Audit(string user)'. [c:\Users\memos\OneDrive\Desktop\Projects\Community Car MVC\src\CommunityCar.Domain\CommunityCar.Domain.csproj]
c:\Users\memos\OneDrive\Desktop\Projects\Community Car MVC\src\CommunityCar.Domain\Entities\Community\QA\Question.cs(105,15): warning CS8604: Possible null reference argument for parameter 'user' in 'void BaseEntity.Audit(string user)'. [c:\Users\memos\OneDrive\Desktop\Projects\Community Car MVC\src\CommunityCar.Domain\CommunityCar.Domain.csproj]
c:\Users\memos\OneDrive\Desktop\Projects\Community Car MVC\src\CommunityCar.Domain\Entities\Community\Maps\PointOfInterest.cs(144,19): warning CS8604: Possible null reference argument for parameter 'user' in 'void BaseEntity.Audit(string user)'. [c:\Users\memos\OneDrive\Desktop\Projects\Community Car MVC\src\CommunityCar.Domain\CommunityCar.Domain.csproj]
c:\Users\memos\OneDrive\Desktop\Projects\Community Car MVC\src\CommunityCar.Domain\Entities\Community\QA\Question.cs(114,15): warning CS8604: Possible null reference argument for parameter 'user' in 'void BaseEntity.Audit(string user)'. [c:\Users\memos\OneDrive\Desktop\Projects\Community Car MVC\src\CommunityCar.Domain\CommunityCar.Domain.csproj]
c:\Users\memos\OneDrive\Desktop\Projects\Community Car MVC\src\CommunityCar.Domain\Entities\Community\QA\Question.cs(123,15): warning CS8604: Possible null reference argument for parameter 'user' in 'void BaseEntity.Audit(string user)'. [c:\Users\memos\OneDrive\Desktop\Projects\Community Car MVC\src\CommunityCar.Domain\CommunityCar.Domain.csproj]
c:\Users\memos\OneDrive\Desktop\Projects\Community Car MVC\src\CommunityCar.Domain\Entities\Dashboard\Management\SystemHealth.cs(62,15): warning CS8604: Possible null reference argument for parameter 'user' in 'void BaseEntity.Audit(string user)'. [c:\Users\memos\OneDrive\Desktop\Projects\Community Car MVC\src\CommunityCar.Domain\CommunityCar.Domain.csproj]
c:\Users\memos\OneDrive\Desktop\Projects\Community Car MVC\src\CommunityCar.Domain\Entities\Dashboard\Management\SystemHealth.cs(69,15): warning CS8604: Possible null reference argument for parameter 'user' in 'void BaseEntity.Audit(string user)'. [c:\Users\memos\OneDrive\Desktop\Projects\Community Car MVC\src\CommunityCar.Domain\CommunityCar.Domain.csproj]
c:\Users\memos\OneDrive\Desktop\Projects\Community Car MVC\src\CommunityCar.Domain\Entities\Dashboard\Management\SystemHealth.cs(37,15): warning CS8604: Possible null reference argument for parameter 'user' in 'void BaseEntity.Audit(string user)'. [c:\Users\memos\OneDrive\Desktop\Projects\Community Car MVC\src\CommunityCar.Domain\CommunityCar.Domain.csproj]
c:\Users\memos\OneDrive\Desktop\Projects\Community Car MVC\src\CommunityCar.Domain\Entities\Dashboard\Management\SystemHealth.cs(76,15): warning CS8604: Possible null reference argument for parameter 'user' in 'void BaseEntity.Audit(string user)'. [c:\Users\memos\OneDrive\Desktop\Projects\Community Car MVC\src\CommunityCar.Domain\CommunityCar.Domain.csproj]
c:\Users\memos\OneDrive\Desktop\Projects\Community Car MVC\src\CommunityCar.Domain\Entities\Community\Maps\PointOfInterest.cs(153,19): warning CS8604: Possible null reference argument for parameter 'user' in 'void BaseEntity.Audit(string user)'. [c:\Users\memos\OneDrive\Desktop\Projects\Community Car MVC\src\CommunityCar.Domain\CommunityCar.Domain.csproj]
c:\Users\memos\OneDrive\Desktop\Projects\Community Car MVC\src\CommunityCar.Domain\Entities\Community\Maps\PointOfInterest.cs(162,19): warning CS8604: Possible null reference argument for parameter 'user' in 'void BaseEntity.Audit(string user)'. [c:\Users\memos\OneDrive\Desktop\Projects\Community Car MVC\src\CommunityCar.Domain\CommunityCar.Domain.csproj]
c:\Users\memos\OneDrive\Desktop\Projects\Community Car MVC\src\CommunityCar.Domain\Entities\Community\Maps\PointOfInterest.cs(171,19): warning CS8604: Possible null reference argument for parameter 'user' in 'void BaseEntity.Audit(string user)'. [c:\Users\memos\OneDrive\Desktop\Projects\Community Car MVC\src\CommunityCar.Domain\CommunityCar.Domain.csproj]
c:\Users\memos\OneDrive\Desktop\Projects\Community Car MVC\src\CommunityCar.Domain\Entities\Community\Maps\PointOfInterest.cs(179,15): warning CS8604: Possible null reference argument for parameter 'user' in 'void BaseEntity.Audit(string user)'. [c:\Users\memos\OneDrive\Desktop\Projects\Community Car MVC\src\CommunityCar.Domain\CommunityCar.Domain.csproj]
c:\Users\memos\OneDrive\Desktop\Projects\Community Car MVC\src\CommunityCar.Domain\Entities\Community\Maps\PointOfInterest.cs(187,15): warning CS8604: Possible null reference argument for parameter 'user' in 'void BaseEntity.Audit(string user)'. [c:\Users\memos\OneDrive\Desktop\Projects\Community Car MVC\src\CommunityCar.Domain\CommunityCar.Domain.csproj]
c:\Users\memos\OneDrive\Desktop\Projects\Community Car MVC\src\CommunityCar.Domain\Entities\Community\Maps\PointOfInterest.cs(195,15): warning CS8604: Possible null reference argument for parameter 'user' in 'void BaseEntity.Audit(string user)'. [c:\Users\memos\OneDrive\Desktop\Projects\Community Car MVC\src\CommunityCar.Domain\CommunityCar.Domain.csproj]
c:\Users\memos\OneDrive\Desktop\Projects\Community Car MVC\src\CommunityCar.Domain\Entities\Community\Maps\PointOfInterest.cs(212,15): warning CS8604: Possible null reference argument for parameter 'user' in 'void BaseEntity.Audit(string user)'. [c:\Users\memos\OneDrive\Desktop\Projects\Community Car MVC\src\CommunityCar.Domain\CommunityCar.Domain.csproj]
c:\Users\memos\OneDrive\Desktop\Projects\Community Car MVC\src\CommunityCar.Domain\Entities\Community\Maps\PointOfInterest.cs(222,15): warning CS8604: Possible null reference argument for parameter 'user' in 'void BaseEntity.Audit(string user)'. [c:\Users\memos\OneDrive\Desktop\Projects\Community Car MVC\src\CommunityCar.Domain\CommunityCar.Domain.csproj]
c:\Users\memos\OneDrive\Desktop\Projects\Community Car MVC\src\CommunityCar.Domain\Entities\Community\Maps\PointOfInterest.cs(229,15): warning CS8604: Possible null reference argument for parameter 'user' in 'void BaseEntity.Audit(string user)'. [c:\Users\memos\OneDrive\Desktop\Projects\Community Car MVC\src\CommunityCar.Domain\CommunityCar.Domain.csproj]
c:\Users\memos\OneDrive\Desktop\Projects\Community Car MVC\src\CommunityCar.Domain\Entities\Community\Maps\PointOfInterest.cs(237,15): warning CS8604: Possible null reference argument for parameter 'user' in 'void BaseEntity.Audit(string user)'. [c:\Users\memos\OneDrive\Desktop\Projects\Community Car MVC\src\CommunityCar.Domain\CommunityCar.Domain.csproj]
c:\Users\memos\OneDrive\Desktop\Projects\Community Car MVC\src\CommunityCar.Domain\Entities\Community\QA\Answer.cs(39,13): warning CS8618: Non-nullable property 'Body' must contain a non-null value when exiting constructor. Consider adding the 'required' modifier or declaring the property as nullable. [c:\Users\memos\OneDrive\Desktop\Projects\Community Car MVC\src\CommunityCar.Domain\CommunityCar.Domain.csproj]
c:\Users\memos\OneDrive\Desktop\Projects\Community Car MVC\src\CommunityCar.Domain\Entities\Community\QA\Answer.cs(45,15): warning CS8604: Possible null reference argument for parameter 'user' in 'void BaseEntity.Audit(string user)'. [c:\Users\memos\OneDrive\Desktop\Projects\Community Car MVC\src\CommunityCar.Domain\CommunityCar.Domain.csproj]
c:\Users\memos\OneDrive\Desktop\Projects\Community Car MVC\src\CommunityCar.Domain\Entities\Community\QA\Answer.cs(52,15): warning CS8604: Possible null reference argument for parameter 'user' in 'void BaseEntity.Audit(string user)'. [c:\Users\memos\OneDrive\Desktop\Projects\Community Car MVC\src\CommunityCar.Domain\CommunityCar.Domain.csproj]
c:\Users\memos\OneDrive\Desktop\Projects\Community Car MVC\src\CommunityCar.Domain\Entities\Community\QA\Answer.cs(61,15): warning CS8604: Possible null reference argument for parameter 'user' in 'void BaseEntity.Audit(string user)'. [c:\Users\memos\OneDrive\Desktop\Projects\Community Car MVC\src\CommunityCar.Domain\CommunityCar.Domain.csproj]
c:\Users\memos\OneDrive\Desktop\Projects\Community Car MVC\src\CommunityCar.Domain\Entities\Community\QA\Answer.cs(86,15): warning CS8604: Possible null reference argument for parameter 'user' in 'void BaseEntity.Audit(string user)'. [c:\Users\memos\OneDrive\Desktop\Projects\Community Car MVC\src\CommunityCar.Domain\CommunityCar.Domain.csproj]
c:\Users\memos\OneDrive\Desktop\Projects\Community Car MVC\src\CommunityCar.Domain\Entities\Community\QA\Answer.cs(95,15): warning CS8604: Possible null reference argument for parameter 'user' in 'void BaseEntity.Audit(string user)'. [c:\Users\memos\OneDrive\Desktop\Projects\Community Car MVC\src\CommunityCar.Domain\CommunityCar.Domain.csproj]
c:\Users\memos\OneDrive\Desktop\Projects\Community Car MVC\src\CommunityCar.Domain\Entities\Community\Maps\PointOfInterest.cs(254,19): warning CS8604: Possible null reference argument for parameter 'user' in 'void BaseEntity.Audit(string user)'. [c:\Users\memos\OneDrive\Desktop\Projects\Community Car MVC\src\CommunityCar.Domain\CommunityCar.Domain.csproj]
c:\Users\memos\OneDrive\Desktop\Projects\Community Car MVC\src\CommunityCar.Domain\Entities\Community\Maps\PointOfInterest.cs(262,19): warning CS8604: Possible null reference argument for parameter 'user' in 'void BaseEntity.Audit(string user)'. [c:\Users\memos\OneDrive\Desktop\Projects\Community Car MVC\src\CommunityCar.Domain\CommunityCar.Domain.csproj]
c:\Users\memos\OneDrive\Desktop\Projects\Community Car MVC\src\CommunityCar.Domain\Entities\Community\Maps\PointOfInterest.cs(271,15): warning CS8604: Possible null reference argument for parameter 'user' in 'void BaseEntity.Audit(string user)'. [c:\Users\memos\OneDrive\Desktop\Projects\Community Car MVC\src\CommunityCar.Domain\CommunityCar.Domain.csproj]
  CommunityCar.Domain -> c:\Users\memos\OneDrive\Desktop\Projects\Community Car MVC\src\CommunityCar.Domain\bin\Debug\net9.0\CommunityCar.Domain.dll
c:\Users\memos\OneDrive\Desktop\Projects\Community Car MVC\src\CommunityCar.Application\Services\Profile\ProfileSecurityService.cs(105,50): warning CS8604: Possible null reference argument for parameter 'key' in 'string ProfileSecurityService.GenerateQrCodeUrl(string email, string key)'. [c:\Users\memos\OneDrive\Desktop\Projects\Community Car MVC\src\CommunityCar.Application\CommunityCar.Application.csproj]
c:\Users\memos\OneDrive\Desktop\Projects\Community Car MVC\src\CommunityCar.Application\Services\Community\StoriesService.cs(181,28): warning CS8604: Possible null reference argument for parameter 'thumbnailUrl' in 'void Story.SetThumbnail(string thumbnailUrl)'. [c:\Users\memos\OneDrive\Desktop\Projects\Community Car MVC\src\CommunityCar.Application\CommunityCar.Application.csproj]
c:\Users\memos\OneDrive\Desktop\Projects\Community Car MVC\src\CommunityCar.Application\Services\Community\StoriesService.cs(211,28): warning CS8604: Possible null reference argument for parameter 'thumbnailUrl' in 'void Story.SetThumbnail(string thumbnailUrl)'. [c:\Users\memos\OneDrive\Desktop\Projects\Community Car MVC\src\CommunityCar.Application\CommunityCar.Application.csproj]
c:\Users\memos\OneDrive\Desktop\Projects\Community Car MVC\src\CommunityCar.Application\Services\Community\FeedService.cs(303,29): warning CS1998: This async method lacks 'await' operators and will run synchronously. Consider using the 'await' operator to await non-blocking API calls, or 'await Task.Run(...)' to do CPU-bound work on a background thread. [c:\Users\memos\OneDrive\Desktop\Projects\Community Car MVC\src\CommunityCar.Application\CommunityCar.Application.csproj]
c:\Users\memos\OneDrive\Desktop\Projects\Community Car MVC\src\CommunityCar.Application\Services\Community\FeedService.cs(317,44): warning CS1998: This async method lacks 'await' operators and will run synchronously. Consider using the 'await' operator to await non-blocking API calls, or 'await Task.Run(...)' to do CPU-bound work on a background thread. [c:\Users\memos\OneDrive\Desktop\Projects\Community Car MVC\src\CommunityCar.Application\CommunityCar.Application.csproj]
c:\Users\memos\OneDrive\Desktop\Projects\Community Car MVC\src\CommunityCar.Application\Services\Community\FeedService.cs(353,29): warning CS1998: This async method lacks 'await' operators and will run synchronously. Consider using the 'await' operator to await non-blocking API calls, or 'await Task.Run(...)' to do CPU-bound work on a background thread. [c:\Users\memos\OneDrive\Desktop\Projects\Community Car MVC\src\CommunityCar.Application\CommunityCar.Application.csproj]
c:\Users\memos\OneDrive\Desktop\Projects\Community Car MVC\src\CommunityCar.Application\Services\Community\FeedService.cs(367,29): warning CS1998: This async method lacks 'await' operators and will run synchronously. Consider using the 'await' operator to await non-blocking API calls, or 'await Task.Run(...)' to do CPU-bound work on a background thread. [c:\Users\memos\OneDrive\Desktop\Projects\Community Car MVC\src\CommunityCar.Application\CommunityCar.Application.csproj]
c:\Users\memos\OneDrive\Desktop\Projects\Community Car MVC\src\CommunityCar.Application\Services\Community\FeedService.cs(381,29): warning CS1998: This async method lacks 'await' operators and will run synchronously. Consider using the 'await' operator to await non-blocking API calls, or 'await Task.Run(...)' to do CPU-bound work on a background thread. [c:\Users\memos\OneDrive\Desktop\Projects\Community Car MVC\src\CommunityCar.Application\CommunityCar.Application.csproj]
c:\Users\memos\OneDrive\Desktop\Projects\Community Car MVC\src\CommunityCar.Application\Services\Dashboard\SettingsService.cs(9,50): warning CS1998: This async method lacks 'await' operators and will run synchronously. Consider using the 'await' operator to await non-blocking API calls, or 'await Task.Run(...)' to do CPU-bound work on a background thread. [c:\Users\memos\OneDrive\Desktop\Projects\Community Car MVC\src\CommunityCar.Application\CommunityCar.Application.csproj]
c:\Users\memos\OneDrive\Desktop\Projects\Community Car MVC\src\CommunityCar.Application\Services\Community\InteractionService.cs(333,31): warning CS1998: This async method lacks 'await' operators and will run synchronously. Consider using the 'await' operator to await non-blocking API calls, or 'await Task.Run(...)' to do CPU-bound work on a background thread. [c:\Users\memos\OneDrive\Desktop\Projects\Community Car MVC\src\CommunityCar.Application\CommunityCar.Application.csproj]
c:\Users\memos\OneDrive\Desktop\Projects\Community Car MVC\src\CommunityCar.Application\Services\Community\InteractionService.cs(494,33): warning CS1998: This async method lacks 'await' operators and will run synchronously. Consider using the 'await' operator to await non-blocking API calls, or 'await Task.Run(...)' to do CPU-bound work on a background thread. [c:\Users\memos\OneDrive\Desktop\Projects\Community Car MVC\src\CommunityCar.Application\CommunityCar.Application.csproj]
c:\Users\memos\OneDrive\Desktop\Projects\Community Car MVC\src\CommunityCar.Application\Services\Community\InteractionService.Ratings.cs(35,37): warning CS1998: This async method lacks 'await' operators and will run synchronously. Consider using the 'await' operator to await non-blocking API calls, or 'await Task.Run(...)' to do CPU-bound work on a background thread. [c:\Users\memos\OneDrive\Desktop\Projects\Community Car MVC\src\CommunityCar.Application\CommunityCar.Application.csproj]
c:\Users\memos\OneDrive\Desktop\Projects\Community Car MVC\src\CommunityCar.Application\Services\Community\InteractionService.Ratings.cs(45,31): warning CS1998: This async method lacks 'await' operators and will run synchronously. Consider using the 'await' operator to await non-blocking API calls, or 'await Task.Run(...)' to do CPU-bound work on a background thread. [c:\Users\memos\OneDrive\Desktop\Projects\Community Car MVC\src\CommunityCar.Application\CommunityCar.Application.csproj]
c:\Users\memos\OneDrive\Desktop\Projects\Community Car MVC\src\CommunityCar.Application\Services\Community\InteractionService.Ratings.cs(54,29): warning CS1998: This async method lacks 'await' operators and will run synchronously. Consider using the 'await' operator to await non-blocking API calls, or 'await Task.Run(...)' to do CPU-bound work on a background thread. [c:\Users\memos\OneDrive\Desktop\Projects\Community Car MVC\src\CommunityCar.Application\CommunityCar.Application.csproj]
c:\Users\memos\OneDrive\Desktop\Projects\Community Car MVC\src\CommunityCar.Application\Services\Dashboard\ManagementService.cs(76,45): warning CS1998: This async method lacks 'await' operators and will run synchronously. Consider using the 'await' operator to await non-blocking API calls, or 'await Task.Run(...)' to do CPU-bound work on a background thread. [c:\Users\memos\OneDrive\Desktop\Projects\Community Car MVC\src\CommunityCar.Application\CommunityCar.Application.csproj]
c:\Users\memos\OneDrive\Desktop\Projects\Community Car MVC\src\CommunityCar.Application\Services\Dashboard\ManagementService.cs(128,42): warning CS1998: This async method lacks 'await' operators and will run synchronously. Consider using the 'await' operator to await non-blocking API calls, or 'await Task.Run(...)' to do CPU-bound work on a background thread. [c:\Users\memos\OneDrive\Desktop\Projects\Community Car MVC\src\CommunityCar.Application\CommunityCar.Application.csproj]
c:\Users\memos\OneDrive\Desktop\Projects\Community Car MVC\src\CommunityCar.Application\Services\Dashboard\ManagementService.cs(162,50): warning CS1998: This async method lacks 'await' operators and will run synchronously. Consider using the 'await' operator to await non-blocking API calls, or 'await Task.Run(...)' to do CPU-bound work on a background thread. [c:\Users\memos\OneDrive\Desktop\Projects\Community Car MVC\src\CommunityCar.Application\CommunityCar.Application.csproj]
c:\Users\memos\OneDrive\Desktop\Projects\Community Car MVC\src\CommunityCar.Application\Services\Community\InteractionService.Ratings.cs(59,29): warning CS1998: This async method lacks 'await' operators and will run synchronously. Consider using the 'await' operator to await non-blocking API calls, or 'await Task.Run(...)' to do CPU-bound work on a background thread. [c:\Users\memos\OneDrive\Desktop\Projects\Community Car MVC\src\CommunityCar.Application\CommunityCar.Application.csproj]
c:\Users\memos\OneDrive\Desktop\Projects\Community Car MVC\src\CommunityCar.Application\Services\Dashboard\OverviewService.cs(57,47): warning CS1998: This async method lacks 'await' operators and will run synchronously. Consider using the 'await' operator to await non-blocking API calls, or 'await Task.Run(...)' to do CPU-bound work on a background thread. [c:\Users\memos\OneDrive\Desktop\Projects\Community Car MVC\src\CommunityCar.Application\CommunityCar.Application.csproj]
c:\Users\memos\OneDrive\Desktop\Projects\Community Car MVC\src\CommunityCar.Application\Services\Dashboard\ManagementService.cs(197,44): warning CS1998: This async method lacks 'await' operators and will run synchronously. Consider using the 'await' operator to await non-blocking API calls, or 'await Task.Run(...)' to do CPU-bound work on a background thread. [c:\Users\memos\OneDrive\Desktop\Projects\Community Car MVC\src\CommunityCar.Application\CommunityCar.Application.csproj]
  CommunityCar.Application -> C:\Users\memos\OneDrive\Desktop\Projects\Community Car MVC\src\CommunityCar.Application\bin\Debug\net9.0\CommunityCar.Application.dll
  CommunityCar.AI -> c:\Users\memos\OneDrive\Desktop\Projects\Community Car MVC\src\CommunityCar.AI\bin\Debug\net9.0\CommunityCar.AI.dll
  CommunityCar.Infrastructure -> C:\Users\memos\OneDrive\Desktop\Projects\Community Car MVC\src\CommunityCar.Infrastructure\bin\Debug\net9.0\CommunityCar.Infrastructure.dll
c:\Users\memos\OneDrive\Desktop\Projects\Community Car MVC\src\CommunityCar.Web\Controllers\Dashboard\Controller.cs(13,22): error CS0246: The type or namespace name 'IDashboardOverviewService' could not be found (are you missing a using directive or an assembly reference?) [c:\Users\memos\OneDrive\Desktop\Projects\Community Car MVC\src\CommunityCar.Web\CommunityCar.Web.csproj]
c:\Users\memos\OneDrive\Desktop\Projects\Community Car MVC\src\CommunityCar.Web\Controllers\Dashboard\Controller.cs(14,22): error CS0246: The type or namespace name 'IDashboardMonitoringService' could not be found (are you missing a using directive or an assembly reference?) [c:\Users\memos\OneDrive\Desktop\Projects\Community Car MVC\src\CommunityCar.Web\CommunityCar.Web.csproj]
c:\Users\memos\OneDrive\Desktop\Projects\Community Car MVC\src\CommunityCar.Web\Controllers\Dashboard\Controller.cs(19,9): error CS0246: The type or namespace name 'IDashboardOverviewService' could not be found (are you missing a using directive or an assembly reference?) [c:\Users\memos\OneDrive\Desktop\Projects\Community Car MVC\src\CommunityCar.Web\CommunityCar.Web.csproj]
c:\Users\memos\OneDrive\Desktop\Projects\Community Car MVC\src\CommunityCar.Web\Controllers\Dashboard\Controller.cs(20,9): error CS0246: The type or namespace name 'IDashboardMonitoringService' could not be found (are you missing a using directive or an assembly reference?) [c:\Users\memos\OneDrive\Desktop\Projects\Community Car MVC\src\CommunityCar.Web\CommunityCar.Web.csproj]

Build FAILED.

c:\Users\memos\OneDrive\Desktop\Projects\Community Car MVC\src\CommunityCar.Domain\Base\ValueObject.cs(24,26): warning CS8765: Nullability of type of parameter 'obj' doesn't match overridden member (possibly because of nullability attributes). [c:\Users\memos\OneDrive\Desktop\Projects\Community Car MVC\src\CommunityCar.Domain\CommunityCar.Domain.csproj]
c:\Users\memos\OneDrive\Desktop\Projects\Community Car MVC\src\CommunityCar.Domain\Entities\Dashboard\Reports\Report.cs(85,17): warning CS0108: 'ReportSchedule.CreatedBy' hides inherited member 'BaseEntity.CreatedBy'. Use the new keyword if hiding was intended. [c:\Users\memos\OneDrive\Desktop\Projects\Community Car MVC\src\CommunityCar.Domain\CommunityCar.Domain.csproj]
c:\Users\memos\OneDrive\Desktop\Projects\Community Car MVC\src\CommunityCar.Domain\Base\ValueObject.cs(14,59): warning CS8604: Possible null reference argument for parameter 'obj' in 'bool ValueObject.Equals(object obj)'. [c:\Users\memos\OneDrive\Desktop\Projects\Community Car MVC\src\CommunityCar.Domain\CommunityCar.Domain.csproj]
c:\Users\memos\OneDrive\Desktop\Projects\Community Car MVC\src\CommunityCar.Domain\Entities\Shared\Vote.cs(27,15): warning CS8604: Possible null reference argument for parameter 'user' in 'void BaseEntity.Audit(string user)'. [c:\Users\memos\OneDrive\Desktop\Projects\Community Car MVC\src\CommunityCar.Domain\CommunityCar.Domain.csproj]
c:\Users\memos\OneDrive\Desktop\Projects\Community Car MVC\src\CommunityCar.Domain\Entities\Shared\Tag.cs(19,13): warning CS8618: Non-nullable property 'Name' must contain a non-null value when exiting constructor. Consider adding the 'required' modifier or declaring the property as nullable. [c:\Users\memos\OneDrive\Desktop\Projects\Community Car MVC\src\CommunityCar.Domain\CommunityCar.Domain.csproj]
c:\Users\memos\OneDrive\Desktop\Projects\Community Car MVC\src\CommunityCar.Domain\Entities\Shared\Tag.cs(19,13): warning CS8618: Non-nullable property 'Slug' must contain a non-null value when exiting constructor. Consider adding the 'required' modifier or declaring the property as nullable. [c:\Users\memos\OneDrive\Desktop\Projects\Community Car MVC\src\CommunityCar.Domain\CommunityCar.Domain.csproj]
c:\Users\memos\OneDrive\Desktop\Projects\Community Car MVC\src\CommunityCar.Domain\Entities\Shared\Share.cs(33,15): warning CS8604: Possible null reference argument for parameter 'user' in 'void BaseEntity.Audit(string user)'. [c:\Users\memos\OneDrive\Desktop\Projects\Community Car MVC\src\CommunityCar.Domain\CommunityCar.Domain.csproj]
c:\Users\memos\OneDrive\Desktop\Projects\Community Car MVC\src\CommunityCar.Domain\Entities\Shared\Reaction.cs(27,15): warning CS8604: Possible null reference argument for parameter 'user' in 'void BaseEntity.Audit(string user)'. [c:\Users\memos\OneDrive\Desktop\Projects\Community Car MVC\src\CommunityCar.Domain\CommunityCar.Domain.csproj]
c:\Users\memos\OneDrive\Desktop\Projects\Community Car MVC\src\CommunityCar.Domain\Entities\Chats\Message.cs(24,15): warning CS8604: Possible null reference argument for parameter 'user' in 'void BaseEntity.Audit(string user)'. [c:\Users\memos\OneDrive\Desktop\Projects\Community Car MVC\src\CommunityCar.Domain\CommunityCar.Domain.csproj]
c:\Users\memos\OneDrive\Desktop\Projects\Community Car MVC\src\CommunityCar.Domain\Entities\Community\Stories\Story.cs(78,13): warning CS8618: Non-nullable property 'MediaUrl' must contain a non-null value when exiting constructor. Consider adding the 'required' modifier or declaring the property as nullable. [c:\Users\memos\OneDrive\Desktop\Projects\Community Car MVC\src\CommunityCar.Domain\CommunityCar.Domain.csproj]
c:\Users\memos\OneDrive\Desktop\Projects\Community Car MVC\src\CommunityCar.Domain\Entities\Community\Stories\Story.cs(83,15): warning CS8604: Possible null reference argument for parameter 'user' in 'void BaseEntity.Audit(string user)'. [c:\Users\memos\OneDrive\Desktop\Projects\Community Car MVC\src\CommunityCar.Domain\CommunityCar.Domain.csproj]
c:\Users\memos\OneDrive\Desktop\Projects\Community Car MVC\src\CommunityCar.Domain\Entities\Community\Stories\Story.cs(89,15): warning CS8604: Possible null reference argument for parameter 'user' in 'void BaseEntity.Audit(string user)'. [c:\Users\memos\OneDrive\Desktop\Projects\Community Car MVC\src\CommunityCar.Domain\CommunityCar.Domain.csproj]
c:\Users\memos\OneDrive\Desktop\Projects\Community Car MVC\src\CommunityCar.Domain\Entities\Community\Stories\Story.cs(97,15): warning CS8604: Possible null reference argument for parameter 'user' in 'void BaseEntity.Audit(string user)'. [c:\Users\memos\OneDrive\Desktop\Projects\Community Car MVC\src\CommunityCar.Domain\CommunityCar.Domain.csproj]
c:\Users\memos\OneDrive\Desktop\Projects\Community Car MVC\src\CommunityCar.Domain\Entities\Community\Stories\Story.cs(106,15): warning CS8604: Possible null reference argument for parameter 'user' in 'void BaseEntity.Audit(string user)'. [c:\Users\memos\OneDrive\Desktop\Projects\Community Car MVC\src\CommunityCar.Domain\CommunityCar.Domain.csproj]
c:\Users\memos\OneDrive\Desktop\Projects\Community Car MVC\src\CommunityCar.Domain\Entities\Community\Stories\Story.cs(112,15): warning CS8604: Possible null reference argument for parameter 'user' in 'void BaseEntity.Audit(string user)'. [c:\Users\memos\OneDrive\Desktop\Projects\Community Car MVC\src\CommunityCar.Domain\CommunityCar.Domain.csproj]
c:\Users\memos\OneDrive\Desktop\Projects\Community Car MVC\src\CommunityCar.Domain\Entities\Community\Stories\Story.cs(119,15): warning CS8604: Possible null reference argument for parameter 'user' in 'void BaseEntity.Audit(string user)'. [c:\Users\memos\OneDrive\Desktop\Projects\Community Car MVC\src\CommunityCar.Domain\CommunityCar.Domain.csproj]
c:\Users\memos\OneDrive\Desktop\Projects\Community Car MVC\src\CommunityCar.Domain\Entities\Community\Stories\Story.cs(127,19): warning CS8604: Possible null reference argument for parameter 'user' in 'void BaseEntity.Audit(string user)'. [c:\Users\memos\OneDrive\Desktop\Projects\Community Car MVC\src\CommunityCar.Domain\CommunityCar.Domain.csproj]
c:\Users\memos\OneDrive\Desktop\Projects\Community Car MVC\src\CommunityCar.Domain\Entities\Community\Stories\Story.cs(135,19): warning CS8604: Possible null reference argument for parameter 'user' in 'void BaseEntity.Audit(string user)'. [c:\Users\memos\OneDrive\Desktop\Projects\Community Car MVC\src\CommunityCar.Domain\CommunityCar.Domain.csproj]
c:\Users\memos\OneDrive\Desktop\Projects\Community Car MVC\src\CommunityCar.Domain\Entities\Community\Stories\Story.cs(144,19): warning CS8604: Possible null reference argument for parameter 'user' in 'void BaseEntity.Audit(string user)'. [c:\Users\memos\OneDrive\Desktop\Projects\Community Car MVC\src\CommunityCar.Domain\CommunityCar.Domain.csproj]
c:\Users\memos\OneDrive\Desktop\Projects\Community Car MVC\src\CommunityCar.Domain\Entities\Community\Stories\Story.cs(152,19): warning CS8604: Possible null reference argument for parameter 'user' in 'void BaseEntity.Audit(string user)'. [c:\Users\memos\OneDrive\Desktop\Projects\Community Car MVC\src\CommunityCar.Domain\CommunityCar.Domain.csproj]
c:\Users\memos\OneDrive\Desktop\Projects\Community Car MVC\src\CommunityCar.Domain\Entities\Community\Stories\Story.cs(161,19): warning CS8604: Possible null reference argument for parameter 'user' in 'void BaseEntity.Audit(string user)'. [c:\Users\memos\OneDrive\Desktop\Projects\Community Car MVC\src\CommunityCar.Domain\CommunityCar.Domain.csproj]
c:\Users\memos\OneDrive\Desktop\Projects\Community Car MVC\src\CommunityCar.Domain\Entities\Shared\Rating.cs(30,15): warning CS8604: Possible null reference argument for parameter 'user' in 'void BaseEntity.Audit(string user)'. [c:\Users\memos\OneDrive\Desktop\Projects\Community Car MVC\src\CommunityCar.Domain\CommunityCar.Domain.csproj]
c:\Users\memos\OneDrive\Desktop\Projects\Community Car MVC\src\CommunityCar.Domain\Entities\Community\Stories\Story.cs(169,19): warning CS8604: Possible null reference argument for parameter 'user' in 'void BaseEntity.Audit(string user)'. [c:\Users\memos\OneDrive\Desktop\Projects\Community Car MVC\src\CommunityCar.Domain\CommunityCar.Domain.csproj]
c:\Users\memos\OneDrive\Desktop\Projects\Community Car MVC\src\CommunityCar.Domain\Entities\Community\Events\Event.cs(25,13): warning CS8618: Non-nullable property 'Title' must contain a non-null value when exiting constructor. Consider adding the 'required' modifier or declaring the property as nullable. [c:\Users\memos\OneDrive\Desktop\Projects\Community Car MVC\src\CommunityCar.Domain\CommunityCar.Domain.csproj]
c:\Users\memos\OneDrive\Desktop\Projects\Community Car MVC\src\CommunityCar.Domain\Entities\Community\Events\Event.cs(25,13): warning CS8618: Non-nullable property 'Description' must contain a non-null value when exiting constructor. Consider adding the 'required' modifier or declaring the property as nullable. [c:\Users\memos\OneDrive\Desktop\Projects\Community Car MVC\src\CommunityCar.Domain\CommunityCar.Domain.csproj]
c:\Users\memos\OneDrive\Desktop\Projects\Community Car MVC\src\CommunityCar.Domain\Entities\Community\Events\Event.cs(25,13): warning CS8618: Non-nullable property 'Location' must contain a non-null value when exiting constructor. Consider adding the 'required' modifier or declaring the property as nullable. [c:\Users\memos\OneDrive\Desktop\Projects\Community Car MVC\src\CommunityCar.Domain\CommunityCar.Domain.csproj]
c:\Users\memos\OneDrive\Desktop\Projects\Community Car MVC\src\CommunityCar.Domain\Entities\Community\Stories\Story.cs(176,15): warning CS8604: Possible null reference argument for parameter 'user' in 'void BaseEntity.Audit(string user)'. [c:\Users\memos\OneDrive\Desktop\Projects\Community Car MVC\src\CommunityCar.Domain\CommunityCar.Domain.csproj]
c:\Users\memos\OneDrive\Desktop\Projects\Community Car MVC\src\CommunityCar.Domain\Entities\Community\Stories\Story.cs(182,15): warning CS8604: Possible null reference argument for parameter 'user' in 'void BaseEntity.Audit(string user)'. [c:\Users\memos\OneDrive\Desktop\Projects\Community Car MVC\src\CommunityCar.Domain\CommunityCar.Domain.csproj]
c:\Users\memos\OneDrive\Desktop\Projects\Community Car MVC\src\CommunityCar.Domain\Entities\Community\Stories\Story.cs(189,15): warning CS8604: Possible null reference argument for parameter 'user' in 'void BaseEntity.Audit(string user)'. [c:\Users\memos\OneDrive\Desktop\Projects\Community Car MVC\src\CommunityCar.Domain\CommunityCar.Domain.csproj]
c:\Users\memos\OneDrive\Desktop\Projects\Community Car MVC\src\CommunityCar.Domain\Entities\Community\Stories\Story.cs(196,15): warning CS8604: Possible null reference argument for parameter 'user' in 'void BaseEntity.Audit(string user)'. [c:\Users\memos\OneDrive\Desktop\Projects\Community Car MVC\src\CommunityCar.Domain\CommunityCar.Domain.csproj]
c:\Users\memos\OneDrive\Desktop\Projects\Community Car MVC\src\CommunityCar.Domain\Entities\Dashboard\Settings\SystemSetting.cs(57,15): warning CS8604: Possible null reference argument for parameter 'user' in 'void BaseEntity.Audit(string user)'. [c:\Users\memos\OneDrive\Desktop\Projects\Community Car MVC\src\CommunityCar.Domain\CommunityCar.Domain.csproj]
c:\Users\memos\OneDrive\Desktop\Projects\Community Car MVC\src\CommunityCar.Domain\Entities\Community\Stories\Story.cs(206,15): warning CS8604: Possible null reference argument for parameter 'user' in 'void BaseEntity.Audit(string user)'. [c:\Users\memos\OneDrive\Desktop\Projects\Community Car MVC\src\CommunityCar.Domain\CommunityCar.Domain.csproj]
c:\Users\memos\OneDrive\Desktop\Projects\Community Car MVC\src\CommunityCar.Domain\Entities\Dashboard\Settings\SystemSetting.cs(23,15): warning CS8604: Possible null reference argument for parameter 'user' in 'void BaseEntity.Audit(string user)'. [c:\Users\memos\OneDrive\Desktop\Projects\Community Car MVC\src\CommunityCar.Domain\CommunityCar.Domain.csproj]
c:\Users\memos\OneDrive\Desktop\Projects\Community Car MVC\src\CommunityCar.Domain\Entities\Dashboard\Settings\DashboardSettings.cs(25,15): warning CS8604: Possible null reference argument for parameter 'user' in 'void BaseEntity.Audit(string user)'. [c:\Users\memos\OneDrive\Desktop\Projects\Community Car MVC\src\CommunityCar.Domain\CommunityCar.Domain.csproj]
c:\Users\memos\OneDrive\Desktop\Projects\Community Car MVC\src\CommunityCar.Domain\Entities\Shared\Comment.cs(29,13): warning CS8618: Non-nullable property 'Content' must contain a non-null value when exiting constructor. Consider adding the 'required' modifier or declaring the property as nullable. [c:\Users\memos\OneDrive\Desktop\Projects\Community Car MVC\src\CommunityCar.Domain\CommunityCar.Domain.csproj]
c:\Users\memos\OneDrive\Desktop\Projects\Community Car MVC\src\CommunityCar.Domain\Entities\Shared\Comment.cs(34,15): warning CS8604: Possible null reference argument for parameter 'user' in 'void BaseEntity.Audit(string user)'. [c:\Users\memos\OneDrive\Desktop\Projects\Community Car MVC\src\CommunityCar.Domain\CommunityCar.Domain.csproj]
c:\Users\memos\OneDrive\Desktop\Projects\Community Car MVC\src\CommunityCar.Domain\Entities\Shared\Category.cs(21,13): warning CS8618: Non-nullable property 'Name' must contain a non-null value when exiting constructor. Consider adding the 'required' modifier or declaring the property as nullable. [c:\Users\memos\OneDrive\Desktop\Projects\Community Car MVC\src\CommunityCar.Domain\CommunityCar.Domain.csproj]
c:\Users\memos\OneDrive\Desktop\Projects\Community Car MVC\src\CommunityCar.Domain\Entities\Shared\Category.cs(21,13): warning CS8618: Non-nullable property 'Slug' must contain a non-null value when exiting constructor. Consider adding the 'required' modifier or declaring the property as nullable. [c:\Users\memos\OneDrive\Desktop\Projects\Community Car MVC\src\CommunityCar.Domain\CommunityCar.Domain.csproj]
c:\Users\memos\OneDrive\Desktop\Projects\Community Car MVC\src\CommunityCar.Domain\Entities\Profile\UserProfile.cs(26,13): warning CS8618: Non-nullable property 'FirstName' must contain a non-null value when exiting constructor. Consider adding the 'required' modifier or declaring the property as nullable. [c:\Users\memos\OneDrive\Desktop\Projects\Community Car MVC\src\CommunityCar.Domain\CommunityCar.Domain.csproj]
c:\Users\memos\OneDrive\Desktop\Projects\Community Car MVC\src\CommunityCar.Domain\Entities\Profile\UserProfile.cs(26,13): warning CS8618: Non-nullable property 'LastName' must contain a non-null value when exiting constructor. Consider adding the 'required' modifier or declaring the property as nullable. [c:\Users\memos\OneDrive\Desktop\Projects\Community Car MVC\src\CommunityCar.Domain\CommunityCar.Domain.csproj]
c:\Users\memos\OneDrive\Desktop\Projects\Community Car MVC\src\CommunityCar.Domain\Entities\Profile\UserProfile.cs(33,15): warning CS8604: Possible null reference argument for parameter 'user' in 'void BaseEntity.Audit(string user)'. [c:\Users\memos\OneDrive\Desktop\Projects\Community Car MVC\src\CommunityCar.Domain\CommunityCar.Domain.csproj]
c:\Users\memos\OneDrive\Desktop\Projects\Community Car MVC\src\CommunityCar.Domain\Entities\Community\Groups\Group.cs(66,13): warning CS8618: Non-nullable property 'Name' must contain a non-null value when exiting constructor. Consider adding the 'required' modifier or declaring the property as nullable. [c:\Users\memos\OneDrive\Desktop\Projects\Community Car MVC\src\CommunityCar.Domain\CommunityCar.Domain.csproj]
c:\Users\memos\OneDrive\Desktop\Projects\Community Car MVC\src\CommunityCar.Domain\Entities\Community\Groups\Group.cs(66,13): warning CS8618: Non-nullable property 'Description' must contain a non-null value when exiting constructor. Consider adding the 'required' modifier or declaring the property as nullable. [c:\Users\memos\OneDrive\Desktop\Projects\Community Car MVC\src\CommunityCar.Domain\CommunityCar.Domain.csproj]
c:\Users\memos\OneDrive\Desktop\Projects\Community Car MVC\src\CommunityCar.Domain\Entities\Dashboard\Analytics\UserAnalytics.cs(75,15): warning CS8604: Possible null reference argument for parameter 'user' in 'void BaseEntity.Audit(string user)'. [c:\Users\memos\OneDrive\Desktop\Projects\Community Car MVC\src\CommunityCar.Domain\CommunityCar.Domain.csproj]
c:\Users\memos\OneDrive\Desktop\Projects\Community Car MVC\src\CommunityCar.Domain\Entities\Dashboard\Analytics\UserAnalytics.cs(36,15): warning CS8604: Possible null reference argument for parameter 'user' in 'void BaseEntity.Audit(string user)'. [c:\Users\memos\OneDrive\Desktop\Projects\Community Car MVC\src\CommunityCar.Domain\CommunityCar.Domain.csproj]
c:\Users\memos\OneDrive\Desktop\Projects\Community Car MVC\src\CommunityCar.Domain\Entities\Community\Guides\Guide.cs(75,13): warning CS8618: Non-nullable property 'Title' must contain a non-null value when exiting constructor. Consider adding the 'required' modifier or declaring the property as nullable. [c:\Users\memos\OneDrive\Desktop\Projects\Community Car MVC\src\CommunityCar.Domain\CommunityCar.Domain.csproj]
c:\Users\memos\OneDrive\Desktop\Projects\Community Car MVC\src\CommunityCar.Domain\Entities\Community\Guides\Guide.cs(75,13): warning CS8618: Non-nullable property 'Content' must contain a non-null value when exiting constructor. Consider adding the 'required' modifier or declaring the property as nullable. [c:\Users\memos\OneDrive\Desktop\Projects\Community Car MVC\src\CommunityCar.Domain\CommunityCar.Domain.csproj]
c:\Users\memos\OneDrive\Desktop\Projects\Community Car MVC\src\CommunityCar.Domain\Entities\Community\Reviews\Review.cs(78,13): warning CS8618: Non-nullable property 'TargetType' must contain a non-null value when exiting constructor. Consider adding the 'required' modifier or declaring the property as nullable. [c:\Users\memos\OneDrive\Desktop\Projects\Community Car MVC\src\CommunityCar.Domain\CommunityCar.Domain.csproj]
c:\Users\memos\OneDrive\Desktop\Projects\Community Car MVC\src\CommunityCar.Domain\Entities\Community\Reviews\Review.cs(78,13): warning CS8618: Non-nullable property 'Title' must contain a non-null value when exiting constructor. Consider adding the 'required' modifier or declaring the property as nullable. [c:\Users\memos\OneDrive\Desktop\Projects\Community Car MVC\src\CommunityCar.Domain\CommunityCar.Domain.csproj]
c:\Users\memos\OneDrive\Desktop\Projects\Community Car MVC\src\CommunityCar.Domain\Entities\Community\Reviews\Review.cs(78,13): warning CS8618: Non-nullable property 'Comment' must contain a non-null value when exiting constructor. Consider adding the 'required' modifier or declaring the property as nullable. [c:\Users\memos\OneDrive\Desktop\Projects\Community Car MVC\src\CommunityCar.Domain\CommunityCar.Domain.csproj]
c:\Users\memos\OneDrive\Desktop\Projects\Community Car MVC\src\CommunityCar.Domain\Entities\Community\Reviews\Review.cs(86,15): warning CS8604: Possible null reference argument for parameter 'user' in 'void BaseEntity.Audit(string user)'. [c:\Users\memos\OneDrive\Desktop\Projects\Community Car MVC\src\CommunityCar.Domain\CommunityCar.Domain.csproj]
c:\Users\memos\OneDrive\Desktop\Projects\Community Car MVC\src\CommunityCar.Domain\Entities\Community\Reviews\Review.cs(94,15): warning CS8604: Possible null reference argument for parameter 'user' in 'void BaseEntity.Audit(string user)'. [c:\Users\memos\OneDrive\Desktop\Projects\Community Car MVC\src\CommunityCar.Domain\CommunityCar.Domain.csproj]
c:\Users\memos\OneDrive\Desktop\Projects\Community Car MVC\src\CommunityCar.Domain\Entities\Community\Reviews\Review.cs(104,15): warning CS8604: Possible null reference argument for parameter 'user' in 'void BaseEntity.Audit(string user)'. [c:\Users\memos\OneDrive\Desktop\Projects\Community Car MVC\src\CommunityCar.Domain\CommunityCar.Domain.csproj]
c:\Users\memos\OneDrive\Desktop\Projects\Community Car MVC\src\CommunityCar.Domain\Entities\Community\Reviews\Review.cs(112,15): warning CS8604: Possible null reference argument for parameter 'user' in 'void BaseEntity.Audit(string user)'. [c:\Users\memos\OneDrive\Desktop\Projects\Community Car MVC\src\CommunityCar.Domain\CommunityCar.Domain.csproj]
c:\Users\memos\OneDrive\Desktop\Projects\Community Car MVC\src\CommunityCar.Domain\Entities\Community\Reviews\Review.cs(122,15): warning CS8604: Possible null reference argument for parameter 'user' in 'void BaseEntity.Audit(string user)'. [c:\Users\memos\OneDrive\Desktop\Projects\Community Car MVC\src\CommunityCar.Domain\CommunityCar.Domain.csproj]
c:\Users\memos\OneDrive\Desktop\Projects\Community Car MVC\src\CommunityCar.Domain\Entities\Community\Reviews\Review.cs(128,15): warning CS8604: Possible null reference argument for parameter 'user' in 'void BaseEntity.Audit(string user)'. [c:\Users\memos\OneDrive\Desktop\Projects\Community Car MVC\src\CommunityCar.Domain\CommunityCar.Domain.csproj]
c:\Users\memos\OneDrive\Desktop\Projects\Community Car MVC\src\CommunityCar.Domain\Entities\Community\Reviews\Review.cs(136,19): warning CS8604: Possible null reference argument for parameter 'user' in 'void BaseEntity.Audit(string user)'. [c:\Users\memos\OneDrive\Desktop\Projects\Community Car MVC\src\CommunityCar.Domain\CommunityCar.Domain.csproj]
c:\Users\memos\OneDrive\Desktop\Projects\Community Car MVC\src\CommunityCar.Domain\Entities\Community\Reviews\Review.cs(144,19): warning CS8604: Possible null reference argument for parameter 'user' in 'void BaseEntity.Audit(string user)'. [c:\Users\memos\OneDrive\Desktop\Projects\Community Car MVC\src\CommunityCar.Domain\CommunityCar.Domain.csproj]
c:\Users\memos\OneDrive\Desktop\Projects\Community Car MVC\src\CommunityCar.Domain\Entities\Community\Reviews\Review.cs(153,19): warning CS8604: Possible null reference argument for parameter 'user' in 'void BaseEntity.Audit(string user)'. [c:\Users\memos\OneDrive\Desktop\Projects\Community Car MVC\src\CommunityCar.Domain\CommunityCar.Domain.csproj]
c:\Users\memos\OneDrive\Desktop\Projects\Community Car MVC\src\CommunityCar.Domain\Entities\Community\Reviews\Review.cs(161,19): warning CS8604: Possible null reference argument for parameter 'user' in 'void BaseEntity.Audit(string user)'. [c:\Users\memos\OneDrive\Desktop\Projects\Community Car MVC\src\CommunityCar.Domain\CommunityCar.Domain.csproj]
c:\Users\memos\OneDrive\Desktop\Projects\Community Car MVC\src\CommunityCar.Domain\Entities\Community\Reviews\Review.cs(170,19): warning CS8604: Possible null reference argument for parameter 'user' in 'void BaseEntity.Audit(string user)'. [c:\Users\memos\OneDrive\Desktop\Projects\Community Car MVC\src\CommunityCar.Domain\CommunityCar.Domain.csproj]
c:\Users\memos\OneDrive\Desktop\Projects\Community Car MVC\src\CommunityCar.Domain\Entities\Community\Reviews\Review.cs(178,19): warning CS8604: Possible null reference argument for parameter 'user' in 'void BaseEntity.Audit(string user)'. [c:\Users\memos\OneDrive\Desktop\Projects\Community Car MVC\src\CommunityCar.Domain\CommunityCar.Domain.csproj]
c:\Users\memos\OneDrive\Desktop\Projects\Community Car MVC\src\CommunityCar.Domain\Entities\Community\Reviews\Review.cs(186,15): warning CS8604: Possible null reference argument for parameter 'user' in 'void BaseEntity.Audit(string user)'. [c:\Users\memos\OneDrive\Desktop\Projects\Community Car MVC\src\CommunityCar.Domain\CommunityCar.Domain.csproj]
c:\Users\memos\OneDrive\Desktop\Projects\Community Car MVC\src\CommunityCar.Domain\Entities\Community\Reviews\Review.cs(192,15): warning CS8604: Possible null reference argument for parameter 'user' in 'void BaseEntity.Audit(string user)'. [c:\Users\memos\OneDrive\Desktop\Projects\Community Car MVC\src\CommunityCar.Domain\CommunityCar.Domain.csproj]
c:\Users\memos\OneDrive\Desktop\Projects\Community Car MVC\src\CommunityCar.Domain\Entities\Community\Reviews\Review.cs(198,15): warning CS8604: Possible null reference argument for parameter 'user' in 'void BaseEntity.Audit(string user)'. [c:\Users\memos\OneDrive\Desktop\Projects\Community Car MVC\src\CommunityCar.Domain\CommunityCar.Domain.csproj]
c:\Users\memos\OneDrive\Desktop\Projects\Community Car MVC\src\CommunityCar.Domain\Entities\Community\Reviews\Review.cs(245,30): warning CS8629: Nullable value type may be null. [c:\Users\memos\OneDrive\Desktop\Projects\Community Car MVC\src\CommunityCar.Domain\CommunityCar.Domain.csproj]
c:\Users\memos\OneDrive\Desktop\Projects\Community Car MVC\src\CommunityCar.Domain\Entities\Dashboard\Reports\SystemReport.cs(36,15): warning CS8604: Possible null reference argument for parameter 'user' in 'void BaseEntity.Audit(string user)'. [c:\Users\memos\OneDrive\Desktop\Projects\Community Car MVC\src\CommunityCar.Domain\CommunityCar.Domain.csproj]
c:\Users\memos\OneDrive\Desktop\Projects\Community Car MVC\src\CommunityCar.Domain\Entities\Dashboard\Reports\SystemReport.cs(42,15): warning CS8604: Possible null reference argument for parameter 'user' in 'void BaseEntity.Audit(string user)'. [c:\Users\memos\OneDrive\Desktop\Projects\Community Car MVC\src\CommunityCar.Domain\CommunityCar.Domain.csproj]
c:\Users\memos\OneDrive\Desktop\Projects\Community Car MVC\src\CommunityCar.Domain\Entities\Dashboard\Reports\SystemReport.cs(48,15): warning CS8604: Possible null reference argument for parameter 'user' in 'void BaseEntity.Audit(string user)'. [c:\Users\memos\OneDrive\Desktop\Projects\Community Car MVC\src\CommunityCar.Domain\CommunityCar.Domain.csproj]
c:\Users\memos\OneDrive\Desktop\Projects\Community Car MVC\src\CommunityCar.Domain\Entities\Dashboard\Reports\Report.cs(91,15): warning CS8604: Possible null reference argument for parameter 'user' in 'void BaseEntity.Audit(string user)'. [c:\Users\memos\OneDrive\Desktop\Projects\Community Car MVC\src\CommunityCar.Domain\CommunityCar.Domain.csproj]
c:\Users\memos\OneDrive\Desktop\Projects\Community Car MVC\src\CommunityCar.Domain\Entities\Dashboard\Reports\Report.cs(97,15): warning CS8604: Possible null reference argument for parameter 'user' in 'void BaseEntity.Audit(string user)'. [c:\Users\memos\OneDrive\Desktop\Projects\Community Car MVC\src\CommunityCar.Domain\CommunityCar.Domain.csproj]
c:\Users\memos\OneDrive\Desktop\Projects\Community Car MVC\src\CommunityCar.Domain\Entities\Dashboard\Reports\Report.cs(47,15): warning CS8604: Possible null reference argument for parameter 'user' in 'void BaseEntity.Audit(string user)'. [c:\Users\memos\OneDrive\Desktop\Projects\Community Car MVC\src\CommunityCar.Domain\CommunityCar.Domain.csproj]
c:\Users\memos\OneDrive\Desktop\Projects\Community Car MVC\src\CommunityCar.Domain\Entities\Dashboard\Reports\Report.cs(57,15): warning CS8604: Possible null reference argument for parameter 'user' in 'void BaseEntity.Audit(string user)'. [c:\Users\memos\OneDrive\Desktop\Projects\Community Car MVC\src\CommunityCar.Domain\CommunityCar.Domain.csproj]
c:\Users\memos\OneDrive\Desktop\Projects\Community Car MVC\src\CommunityCar.Domain\Entities\Dashboard\Reports\Report.cs(65,15): warning CS8604: Possible null reference argument for parameter 'user' in 'void BaseEntity.Audit(string user)'. [c:\Users\memos\OneDrive\Desktop\Projects\Community Car MVC\src\CommunityCar.Domain\CommunityCar.Domain.csproj]
c:\Users\memos\OneDrive\Desktop\Projects\Community Car MVC\src\CommunityCar.Domain\Entities\Community\Maps\CheckIn.cs(36,15): warning CS8604: Possible null reference argument for parameter 'user' in 'void BaseEntity.Audit(string user)'. [c:\Users\memos\OneDrive\Desktop\Projects\Community Car MVC\src\CommunityCar.Domain\CommunityCar.Domain.csproj]
c:\Users\memos\OneDrive\Desktop\Projects\Community Car MVC\src\CommunityCar.Domain\Entities\Community\Maps\CheckIn.cs(42,15): warning CS8604: Possible null reference argument for parameter 'user' in 'void BaseEntity.Audit(string user)'. [c:\Users\memos\OneDrive\Desktop\Projects\Community Car MVC\src\CommunityCar.Domain\CommunityCar.Domain.csproj]
c:\Users\memos\OneDrive\Desktop\Projects\Community Car MVC\src\CommunityCar.Domain\Entities\Dashboard\Reports\Report.cs(72,15): warning CS8604: Possible null reference argument for parameter 'user' in 'void BaseEntity.Audit(string user)'. [c:\Users\memos\OneDrive\Desktop\Projects\Community Car MVC\src\CommunityCar.Domain\CommunityCar.Domain.csproj]
c:\Users\memos\OneDrive\Desktop\Projects\Community Car MVC\src\CommunityCar.Domain\Entities\Community\Maps\CheckIn.cs(50,15): warning CS8604: Possible null reference argument for parameter 'user' in 'void BaseEntity.Audit(string user)'. [c:\Users\memos\OneDrive\Desktop\Projects\Community Car MVC\src\CommunityCar.Domain\CommunityCar.Domain.csproj]
c:\Users\memos\OneDrive\Desktop\Projects\Community Car MVC\src\CommunityCar.Domain\Entities\Community\Maps\CheckIn.cs(56,15): warning CS8604: Possible null reference argument for parameter 'user' in 'void BaseEntity.Audit(string user)'. [c:\Users\memos\OneDrive\Desktop\Projects\Community Car MVC\src\CommunityCar.Domain\CommunityCar.Domain.csproj]
c:\Users\memos\OneDrive\Desktop\Projects\Community Car MVC\src\CommunityCar.Domain\Entities\Dashboard\Analytics\ContentAnalytics.cs(37,15): warning CS8604: Possible null reference argument for parameter 'user' in 'void BaseEntity.Audit(string user)'. [c:\Users\memos\OneDrive\Desktop\Projects\Community Car MVC\src\CommunityCar.Domain\CommunityCar.Domain.csproj]
c:\Users\memos\OneDrive\Desktop\Projects\Community Car MVC\src\CommunityCar.Domain\Entities\Dashboard\Overview\DashboardOverview.cs(48,15): warning CS8604: Possible null reference argument for parameter 'user' in 'void BaseEntity.Audit(string user)'. [c:\Users\memos\OneDrive\Desktop\Projects\Community Car MVC\src\CommunityCar.Domain\CommunityCar.Domain.csproj]
c:\Users\memos\OneDrive\Desktop\Projects\Community Car MVC\src\CommunityCar.Domain\Entities\Community\News\NewsItem.cs(66,13): warning CS8618: Non-nullable property 'Headline' must contain a non-null value when exiting constructor. Consider adding the 'required' modifier or declaring the property as nullable. [c:\Users\memos\OneDrive\Desktop\Projects\Community Car MVC\src\CommunityCar.Domain\CommunityCar.Domain.csproj]
c:\Users\memos\OneDrive\Desktop\Projects\Community Car MVC\src\CommunityCar.Domain\Entities\Community\News\NewsItem.cs(66,13): warning CS8618: Non-nullable property 'Body' must contain a non-null value when exiting constructor. Consider adding the 'required' modifier or declaring the property as nullable. [c:\Users\memos\OneDrive\Desktop\Projects\Community Car MVC\src\CommunityCar.Domain\CommunityCar.Domain.csproj]
c:\Users\memos\OneDrive\Desktop\Projects\Community Car MVC\src\CommunityCar.Domain\Entities\Community\News\NewsItem.cs(74,15): warning CS8604: Possible null reference argument for parameter 'user' in 'void BaseEntity.Audit(string user)'. [c:\Users\memos\OneDrive\Desktop\Projects\Community Car MVC\src\CommunityCar.Domain\CommunityCar.Domain.csproj]
c:\Users\memos\OneDrive\Desktop\Projects\Community Car MVC\src\CommunityCar.Domain\Entities\Community\News\NewsItem.cs(80,15): warning CS8604: Possible null reference argument for parameter 'user' in 'void BaseEntity.Audit(string user)'. [c:\Users\memos\OneDrive\Desktop\Projects\Community Car MVC\src\CommunityCar.Domain\CommunityCar.Domain.csproj]
c:\Users\memos\OneDrive\Desktop\Projects\Community Car MVC\src\CommunityCar.Domain\Entities\Community\News\NewsItem.cs(88,19): warning CS8604: Possible null reference argument for parameter 'user' in 'void BaseEntity.Audit(string user)'. [c:\Users\memos\OneDrive\Desktop\Projects\Community Car MVC\src\CommunityCar.Domain\CommunityCar.Domain.csproj]
c:\Users\memos\OneDrive\Desktop\Projects\Community Car MVC\src\CommunityCar.Domain\Entities\Community\News\NewsItem.cs(96,19): warning CS8604: Possible null reference argument for parameter 'user' in 'void BaseEntity.Audit(string user)'. [c:\Users\memos\OneDrive\Desktop\Projects\Community Car MVC\src\CommunityCar.Domain\CommunityCar.Domain.csproj]
c:\Users\memos\OneDrive\Desktop\Projects\Community Car MVC\src\CommunityCar.Domain\Entities\Community\News\NewsItem.cs(104,15): warning CS8604: Possible null reference argument for parameter 'user' in 'void BaseEntity.Audit(string user)'. [c:\Users\memos\OneDrive\Desktop\Projects\Community Car MVC\src\CommunityCar.Domain\CommunityCar.Domain.csproj]
c:\Users\memos\OneDrive\Desktop\Projects\Community Car MVC\src\CommunityCar.Domain\Entities\Community\News\NewsItem.cs(110,15): warning CS8604: Possible null reference argument for parameter 'user' in 'void BaseEntity.Audit(string user)'. [c:\Users\memos\OneDrive\Desktop\Projects\Community Car MVC\src\CommunityCar.Domain\CommunityCar.Domain.csproj]
c:\Users\memos\OneDrive\Desktop\Projects\Community Car MVC\src\CommunityCar.Domain\Entities\Community\News\NewsItem.cs(116,15): warning CS8604: Possible null reference argument for parameter 'user' in 'void BaseEntity.Audit(string user)'. [c:\Users\memos\OneDrive\Desktop\Projects\Community Car MVC\src\CommunityCar.Domain\CommunityCar.Domain.csproj]
c:\Users\memos\OneDrive\Desktop\Projects\Community Car MVC\src\CommunityCar.Domain\Entities\Community\News\NewsItem.cs(122,15): warning CS8604: Possible null reference argument for parameter 'user' in 'void BaseEntity.Audit(string user)'. [c:\Users\memos\OneDrive\Desktop\Projects\Community Car MVC\src\CommunityCar.Domain\CommunityCar.Domain.csproj]
c:\Users\memos\OneDrive\Desktop\Projects\Community Car MVC\src\CommunityCar.Domain\Entities\Community\News\NewsItem.cs(128,15): warning CS8604: Possible null reference argument for parameter 'user' in 'void BaseEntity.Audit(string user)'. [c:\Users\memos\OneDrive\Desktop\Projects\Community Car MVC\src\CommunityCar.Domain\CommunityCar.Domain.csproj]
c:\Users\memos\OneDrive\Desktop\Projects\Community Car MVC\src\CommunityCar.Domain\Entities\Community\News\NewsItem.cs(135,15): warning CS8604: Possible null reference argument for parameter 'user' in 'void BaseEntity.Audit(string user)'. [c:\Users\memos\OneDrive\Desktop\Projects\Community Car MVC\src\CommunityCar.Domain\CommunityCar.Domain.csproj]
c:\Users\memos\OneDrive\Desktop\Projects\Community Car MVC\src\CommunityCar.Domain\Entities\Community\News\NewsItem.cs(142,15): warning CS8604: Possible null reference argument for parameter 'user' in 'void BaseEntity.Audit(string user)'. [c:\Users\memos\OneDrive\Desktop\Projects\Community Car MVC\src\CommunityCar.Domain\CommunityCar.Domain.csproj]
c:\Users\memos\OneDrive\Desktop\Projects\Community Car MVC\src\CommunityCar.Domain\Entities\Community\News\NewsItem.cs(150,19): warning CS8604: Possible null reference argument for parameter 'user' in 'void BaseEntity.Audit(string user)'. [c:\Users\memos\OneDrive\Desktop\Projects\Community Car MVC\src\CommunityCar.Domain\CommunityCar.Domain.csproj]
c:\Users\memos\OneDrive\Desktop\Projects\Community Car MVC\src\CommunityCar.Domain\Entities\Community\News\NewsItem.cs(158,19): warning CS8604: Possible null reference argument for parameter 'user' in 'void BaseEntity.Audit(string user)'. [c:\Users\memos\OneDrive\Desktop\Projects\Community Car MVC\src\CommunityCar.Domain\CommunityCar.Domain.csproj]
c:\Users\memos\OneDrive\Desktop\Projects\Community Car MVC\src\CommunityCar.Domain\Entities\Community\News\NewsItem.cs(167,15): warning CS8604: Possible null reference argument for parameter 'user' in 'void BaseEntity.Audit(string user)'. [c:\Users\memos\OneDrive\Desktop\Projects\Community Car MVC\src\CommunityCar.Domain\CommunityCar.Domain.csproj]
c:\Users\memos\OneDrive\Desktop\Projects\Community Car MVC\src\CommunityCar.Domain\Entities\Dashboard\Monitoring\SystemHealth.cs(38,15): warning CS8604: Possible null reference argument for parameter 'user' in 'void BaseEntity.Audit(string user)'. [c:\Users\memos\OneDrive\Desktop\Projects\Community Car MVC\src\CommunityCar.Domain\CommunityCar.Domain.csproj]
c:\Users\memos\OneDrive\Desktop\Projects\Community Car MVC\src\CommunityCar.Domain\Entities\Community\Posts\Post.cs(30,13): warning CS8618: Non-nullable property 'Title' must contain a non-null value when exiting constructor. Consider adding the 'required' modifier or declaring the property as nullable. [c:\Users\memos\OneDrive\Desktop\Projects\Community Car MVC\src\CommunityCar.Domain\CommunityCar.Domain.csproj]
c:\Users\memos\OneDrive\Desktop\Projects\Community Car MVC\src\CommunityCar.Domain\Entities\Community\Posts\Post.cs(30,13): warning CS8618: Non-nullable property 'Content' must contain a non-null value when exiting constructor. Consider adding the 'required' modifier or declaring the property as nullable. [c:\Users\memos\OneDrive\Desktop\Projects\Community Car MVC\src\CommunityCar.Domain\CommunityCar.Domain.csproj]
c:\Users\memos\OneDrive\Desktop\Projects\Community Car MVC\src\CommunityCar.Domain\Entities\Dashboard\Management\UserManagement.cs(27,15): warning CS8604: Possible null reference argument for parameter 'user' in 'void BaseEntity.Audit(string user)'. [c:\Users\memos\OneDrive\Desktop\Projects\Community Car MVC\src\CommunityCar.Domain\CommunityCar.Domain.csproj]
c:\Users\memos\OneDrive\Desktop\Projects\Community Car MVC\src\CommunityCar.Domain\Entities\Dashboard\Management\Ticket.cs(26,15): warning CS8604: Possible null reference argument for parameter 'user' in 'void BaseEntity.Audit(string user)'. [c:\Users\memos\OneDrive\Desktop\Projects\Community Car MVC\src\CommunityCar.Domain\CommunityCar.Domain.csproj]
c:\Users\memos\OneDrive\Desktop\Projects\Community Car MVC\src\CommunityCar.Domain\Entities\Community\Maps\Route.cs(80,13): warning CS8618: Non-nullable property 'Name' must contain a non-null value when exiting constructor. Consider adding the 'required' modifier or declaring the property as nullable. [c:\Users\memos\OneDrive\Desktop\Projects\Community Car MVC\src\CommunityCar.Domain\CommunityCar.Domain.csproj]
c:\Users\memos\OneDrive\Desktop\Projects\Community Car MVC\src\CommunityCar.Domain\Entities\Community\Maps\Route.cs(80,13): warning CS8618: Non-nullable property 'Description' must contain a non-null value when exiting constructor. Consider adding the 'required' modifier or declaring the property as nullable. [c:\Users\memos\OneDrive\Desktop\Projects\Community Car MVC\src\CommunityCar.Domain\CommunityCar.Domain.csproj]
c:\Users\memos\OneDrive\Desktop\Projects\Community Car MVC\src\CommunityCar.Domain\Entities\Community\Maps\Route.cs(88,15): warning CS8604: Possible null reference argument for parameter 'user' in 'void BaseEntity.Audit(string user)'. [c:\Users\memos\OneDrive\Desktop\Projects\Community Car MVC\src\CommunityCar.Domain\CommunityCar.Domain.csproj]
c:\Users\memos\OneDrive\Desktop\Projects\Community Car MVC\src\CommunityCar.Domain\Entities\Community\Maps\Route.cs(95,15): warning CS8604: Possible null reference argument for parameter 'user' in 'void BaseEntity.Audit(string user)'. [c:\Users\memos\OneDrive\Desktop\Projects\Community Car MVC\src\CommunityCar.Domain\CommunityCar.Domain.csproj]
c:\Users\memos\OneDrive\Desktop\Projects\Community Car MVC\src\CommunityCar.Domain\Entities\Community\Maps\Route.cs(106,15): warning CS8604: Possible null reference argument for parameter 'user' in 'void BaseEntity.Audit(string user)'. [c:\Users\memos\OneDrive\Desktop\Projects\Community Car MVC\src\CommunityCar.Domain\CommunityCar.Domain.csproj]
c:\Users\memos\OneDrive\Desktop\Projects\Community Car MVC\src\CommunityCar.Domain\Entities\Community\Maps\Route.cs(114,15): warning CS8604: Possible null reference argument for parameter 'user' in 'void BaseEntity.Audit(string user)'. [c:\Users\memos\OneDrive\Desktop\Projects\Community Car MVC\src\CommunityCar.Domain\CommunityCar.Domain.csproj]
c:\Users\memos\OneDrive\Desktop\Projects\Community Car MVC\src\CommunityCar.Domain\Entities\Community\Maps\Route.cs(124,15): warning CS8604: Possible null reference argument for parameter 'user' in 'void BaseEntity.Audit(string user)'. [c:\Users\memos\OneDrive\Desktop\Projects\Community Car MVC\src\CommunityCar.Domain\CommunityCar.Domain.csproj]
c:\Users\memos\OneDrive\Desktop\Projects\Community Car MVC\src\CommunityCar.Domain\Entities\Community\Maps\Route.cs(139,19): warning CS8604: Possible null reference argument for parameter 'user' in 'void BaseEntity.Audit(string user)'. [c:\Users\memos\OneDrive\Desktop\Projects\Community Car MVC\src\CommunityCar.Domain\CommunityCar.Domain.csproj]
c:\Users\memos\OneDrive\Desktop\Projects\Community Car MVC\src\CommunityCar.Domain\Entities\Community\Maps\Route.cs(146,15): warning CS8604: Possible null reference argument for parameter 'user' in 'void BaseEntity.Audit(string user)'. [c:\Users\memos\OneDrive\Desktop\Projects\Community Car MVC\src\CommunityCar.Domain\CommunityCar.Domain.csproj]
c:\Users\memos\OneDrive\Desktop\Projects\Community Car MVC\src\CommunityCar.Domain\Entities\Community\Maps\Route.cs(152,15): warning CS8604: Possible null reference argument for parameter 'user' in 'void BaseEntity.Audit(string user)'. [c:\Users\memos\OneDrive\Desktop\Projects\Community Car MVC\src\CommunityCar.Domain\CommunityCar.Domain.csproj]
c:\Users\memos\OneDrive\Desktop\Projects\Community Car MVC\src\CommunityCar.Domain\Entities\Community\Maps\Route.cs(160,19): warning CS8604: Possible null reference argument for parameter 'user' in 'void BaseEntity.Audit(string user)'. [c:\Users\memos\OneDrive\Desktop\Projects\Community Car MVC\src\CommunityCar.Domain\CommunityCar.Domain.csproj]
c:\Users\memos\OneDrive\Desktop\Projects\Community Car MVC\src\CommunityCar.Domain\Entities\Community\Maps\Route.cs(168,19): warning CS8604: Possible null reference argument for parameter 'user' in 'void BaseEntity.Audit(string user)'. [c:\Users\memos\OneDrive\Desktop\Projects\Community Car MVC\src\CommunityCar.Domain\CommunityCar.Domain.csproj]
c:\Users\memos\OneDrive\Desktop\Projects\Community Car MVC\src\CommunityCar.Domain\Entities\Community\Maps\Route.cs(177,19): warning CS8604: Possible null reference argument for parameter 'user' in 'void BaseEntity.Audit(string user)'. [c:\Users\memos\OneDrive\Desktop\Projects\Community Car MVC\src\CommunityCar.Domain\CommunityCar.Domain.csproj]
c:\Users\memos\OneDrive\Desktop\Projects\Community Car MVC\src\CommunityCar.Domain\Entities\Community\Maps\Route.cs(185,19): warning CS8604: Possible null reference argument for parameter 'user' in 'void BaseEntity.Audit(string user)'. [c:\Users\memos\OneDrive\Desktop\Projects\Community Car MVC\src\CommunityCar.Domain\CommunityCar.Domain.csproj]
c:\Users\memos\OneDrive\Desktop\Projects\Community Car MVC\src\CommunityCar.Domain\Entities\Community\Maps\Route.cs(193,15): warning CS8604: Possible null reference argument for parameter 'user' in 'void BaseEntity.Audit(string user)'. [c:\Users\memos\OneDrive\Desktop\Projects\Community Car MVC\src\CommunityCar.Domain\CommunityCar.Domain.csproj]
c:\Users\memos\OneDrive\Desktop\Projects\Community Car MVC\src\CommunityCar.Domain\Entities\Community\Maps\Route.cs(199,15): warning CS8604: Possible null reference argument for parameter 'user' in 'void BaseEntity.Audit(string user)'. [c:\Users\memos\OneDrive\Desktop\Projects\Community Car MVC\src\CommunityCar.Domain\CommunityCar.Domain.csproj]
c:\Users\memos\OneDrive\Desktop\Projects\Community Car MVC\src\CommunityCar.Domain\Entities\Community\Maps\PointOfInterest.cs(90,13): warning CS8618: Non-nullable property 'Name' must contain a non-null value when exiting constructor. Consider adding the 'required' modifier or declaring the property as nullable. [c:\Users\memos\OneDrive\Desktop\Projects\Community Car MVC\src\CommunityCar.Domain\CommunityCar.Domain.csproj]
c:\Users\memos\OneDrive\Desktop\Projects\Community Car MVC\src\CommunityCar.Domain\Entities\Community\Maps\PointOfInterest.cs(90,13): warning CS8618: Non-nullable property 'Description' must contain a non-null value when exiting constructor. Consider adding the 'required' modifier or declaring the property as nullable. [c:\Users\memos\OneDrive\Desktop\Projects\Community Car MVC\src\CommunityCar.Domain\CommunityCar.Domain.csproj]
c:\Users\memos\OneDrive\Desktop\Projects\Community Car MVC\src\CommunityCar.Domain\Entities\Community\Maps\PointOfInterest.cs(98,15): warning CS8604: Possible null reference argument for parameter 'user' in 'void BaseEntity.Audit(string user)'. [c:\Users\memos\OneDrive\Desktop\Projects\Community Car MVC\src\CommunityCar.Domain\CommunityCar.Domain.csproj]
c:\Users\memos\OneDrive\Desktop\Projects\Community Car MVC\src\CommunityCar.Domain\Entities\Community\QA\Question.cs(59,13): warning CS8618: Non-nullable property 'Title' must contain a non-null value when exiting constructor. Consider adding the 'required' modifier or declaring the property as nullable. [c:\Users\memos\OneDrive\Desktop\Projects\Community Car MVC\src\CommunityCar.Domain\CommunityCar.Domain.csproj]
c:\Users\memos\OneDrive\Desktop\Projects\Community Car MVC\src\CommunityCar.Domain\Entities\Community\QA\Question.cs(59,13): warning CS8618: Non-nullable property 'Body' must contain a non-null value when exiting constructor. Consider adding the 'required' modifier or declaring the property as nullable. [c:\Users\memos\OneDrive\Desktop\Projects\Community Car MVC\src\CommunityCar.Domain\CommunityCar.Domain.csproj]
c:\Users\memos\OneDrive\Desktop\Projects\Community Car MVC\src\CommunityCar.Domain\Entities\Community\Maps\PointOfInterest.cs(107,15): warning CS8604: Possible null reference argument for parameter 'user' in 'void BaseEntity.Audit(string user)'. [c:\Users\memos\OneDrive\Desktop\Projects\Community Car MVC\src\CommunityCar.Domain\CommunityCar.Domain.csproj]
c:\Users\memos\OneDrive\Desktop\Projects\Community Car MVC\src\CommunityCar.Domain\Entities\Community\QA\Question.cs(67,15): warning CS8604: Possible null reference argument for parameter 'user' in 'void BaseEntity.Audit(string user)'. [c:\Users\memos\OneDrive\Desktop\Projects\Community Car MVC\src\CommunityCar.Domain\CommunityCar.Domain.csproj]
c:\Users\memos\OneDrive\Desktop\Projects\Community Car MVC\src\CommunityCar.Domain\Entities\Community\Maps\PointOfInterest.cs(115,15): warning CS8604: Possible null reference argument for parameter 'user' in 'void BaseEntity.Audit(string user)'. [c:\Users\memos\OneDrive\Desktop\Projects\Community Car MVC\src\CommunityCar.Domain\CommunityCar.Domain.csproj]
c:\Users\memos\OneDrive\Desktop\Projects\Community Car MVC\src\CommunityCar.Domain\Entities\Community\Maps\PointOfInterest.cs(122,15): warning CS8604: Possible null reference argument for parameter 'user' in 'void BaseEntity.Audit(string user)'. [c:\Users\memos\OneDrive\Desktop\Projects\Community Car MVC\src\CommunityCar.Domain\CommunityCar.Domain.csproj]
c:\Users\memos\OneDrive\Desktop\Projects\Community Car MVC\src\CommunityCar.Domain\Entities\Community\Maps\PointOfInterest.cs(128,15): warning CS8604: Possible null reference argument for parameter 'user' in 'void BaseEntity.Audit(string user)'. [c:\Users\memos\OneDrive\Desktop\Projects\Community Car MVC\src\CommunityCar.Domain\CommunityCar.Domain.csproj]
c:\Users\memos\OneDrive\Desktop\Projects\Community Car MVC\src\CommunityCar.Domain\Entities\Community\QA\Question.cs(90,15): warning CS8604: Possible null reference argument for parameter 'user' in 'void BaseEntity.Audit(string user)'. [c:\Users\memos\OneDrive\Desktop\Projects\Community Car MVC\src\CommunityCar.Domain\CommunityCar.Domain.csproj]
c:\Users\memos\OneDrive\Desktop\Projects\Community Car MVC\src\CommunityCar.Domain\Entities\Community\QA\Question.cs(96,15): warning CS8604: Possible null reference argument for parameter 'user' in 'void BaseEntity.Audit(string user)'. [c:\Users\memos\OneDrive\Desktop\Projects\Community Car MVC\src\CommunityCar.Domain\CommunityCar.Domain.csproj]
c:\Users\memos\OneDrive\Desktop\Projects\Community Car MVC\src\CommunityCar.Domain\Entities\Community\Maps\PointOfInterest.cs(136,19): warning CS8604: Possible null reference argument for parameter 'user' in 'void BaseEntity.Audit(string user)'. [c:\Users\memos\OneDrive\Desktop\Projects\Community Car MVC\src\CommunityCar.Domain\CommunityCar.Domain.csproj]
c:\Users\memos\OneDrive\Desktop\Projects\Community Car MVC\src\CommunityCar.Domain\Entities\Community\QA\Question.cs(105,15): warning CS8604: Possible null reference argument for parameter 'user' in 'void BaseEntity.Audit(string user)'. [c:\Users\memos\OneDrive\Desktop\Projects\Community Car MVC\src\CommunityCar.Domain\CommunityCar.Domain.csproj]
c:\Users\memos\OneDrive\Desktop\Projects\Community Car MVC\src\CommunityCar.Domain\Entities\Community\Maps\PointOfInterest.cs(144,19): warning CS8604: Possible null reference argument for parameter 'user' in 'void BaseEntity.Audit(string user)'. [c:\Users\memos\OneDrive\Desktop\Projects\Community Car MVC\src\CommunityCar.Domain\CommunityCar.Domain.csproj]
c:\Users\memos\OneDrive\Desktop\Projects\Community Car MVC\src\CommunityCar.Domain\Entities\Community\QA\Question.cs(114,15): warning CS8604: Possible null reference argument for parameter 'user' in 'void BaseEntity.Audit(string user)'. [c:\Users\memos\OneDrive\Desktop\Projects\Community Car MVC\src\CommunityCar.Domain\CommunityCar.Domain.csproj]
c:\Users\memos\OneDrive\Desktop\Projects\Community Car MVC\src\CommunityCar.Domain\Entities\Community\QA\Question.cs(123,15): warning CS8604: Possible null reference argument for parameter 'user' in 'void BaseEntity.Audit(string user)'. [c:\Users\memos\OneDrive\Desktop\Projects\Community Car MVC\src\CommunityCar.Domain\CommunityCar.Domain.csproj]
c:\Users\memos\OneDrive\Desktop\Projects\Community Car MVC\src\CommunityCar.Domain\Entities\Dashboard\Management\SystemHealth.cs(62,15): warning CS8604: Possible null reference argument for parameter 'user' in 'void BaseEntity.Audit(string user)'. [c:\Users\memos\OneDrive\Desktop\Projects\Community Car MVC\src\CommunityCar.Domain\CommunityCar.Domain.csproj]
c:\Users\memos\OneDrive\Desktop\Projects\Community Car MVC\src\CommunityCar.Domain\Entities\Dashboard\Management\SystemHealth.cs(69,15): warning CS8604: Possible null reference argument for parameter 'user' in 'void BaseEntity.Audit(string user)'. [c:\Users\memos\OneDrive\Desktop\Projects\Community Car MVC\src\CommunityCar.Domain\CommunityCar.Domain.csproj]
c:\Users\memos\OneDrive\Desktop\Projects\Community Car MVC\src\CommunityCar.Domain\Entities\Dashboard\Management\SystemHealth.cs(37,15): warning CS8604: Possible null reference argument for parameter 'user' in 'void BaseEntity.Audit(string user)'. [c:\Users\memos\OneDrive\Desktop\Projects\Community Car MVC\src\CommunityCar.Domain\CommunityCar.Domain.csproj]
c:\Users\memos\OneDrive\Desktop\Projects\Community Car MVC\src\CommunityCar.Domain\Entities\Dashboard\Management\SystemHealth.cs(76,15): warning CS8604: Possible null reference argument for parameter 'user' in 'void BaseEntity.Audit(string user)'. [c:\Users\memos\OneDrive\Desktop\Projects\Community Car MVC\src\CommunityCar.Domain\CommunityCar.Domain.csproj]
c:\Users\memos\OneDrive\Desktop\Projects\Community Car MVC\src\CommunityCar.Domain\Entities\Community\Maps\PointOfInterest.cs(153,19): warning CS8604: Possible null reference argument for parameter 'user' in 'void BaseEntity.Audit(string user)'. [c:\Users\memos\OneDrive\Desktop\Projects\Community Car MVC\src\CommunityCar.Domain\CommunityCar.Domain.csproj]
c:\Users\memos\OneDrive\Desktop\Projects\Community Car MVC\src\CommunityCar.Domain\Entities\Community\Maps\PointOfInterest.cs(162,19): warning CS8604: Possible null reference argument for parameter 'user' in 'void BaseEntity.Audit(string user)'. [c:\Users\memos\OneDrive\Desktop\Projects\Community Car MVC\src\CommunityCar.Domain\CommunityCar.Domain.csproj]
c:\Users\memos\OneDrive\Desktop\Projects\Community Car MVC\src\CommunityCar.Domain\Entities\Community\Maps\PointOfInterest.cs(171,19): warning CS8604: Possible null reference argument for parameter 'user' in 'void BaseEntity.Audit(string user)'. [c:\Users\memos\OneDrive\Desktop\Projects\Community Car MVC\src\CommunityCar.Domain\CommunityCar.Domain.csproj]
c:\Users\memos\OneDrive\Desktop\Projects\Community Car MVC\src\CommunityCar.Domain\Entities\Community\Maps\PointOfInterest.cs(179,15): warning CS8604: Possible null reference argument for parameter 'user' in 'void BaseEntity.Audit(string user)'. [c:\Users\memos\OneDrive\Desktop\Projects\Community Car MVC\src\CommunityCar.Domain\CommunityCar.Domain.csproj]
c:\Users\memos\OneDrive\Desktop\Projects\Community Car MVC\src\CommunityCar.Domain\Entities\Community\Maps\PointOfInterest.cs(187,15): warning CS8604: Possible null reference argument for parameter 'user' in 'void BaseEntity.Audit(string user)'. [c:\Users\memos\OneDrive\Desktop\Projects\Community Car MVC\src\CommunityCar.Domain\CommunityCar.Domain.csproj]
c:\Users\memos\OneDrive\Desktop\Projects\Community Car MVC\src\CommunityCar.Domain\Entities\Community\Maps\PointOfInterest.cs(195,15): warning CS8604: Possible null reference argument for parameter 'user' in 'void BaseEntity.Audit(string user)'. [c:\Users\memos\OneDrive\Desktop\Projects\Community Car MVC\src\CommunityCar.Domain\CommunityCar.Domain.csproj]
c:\Users\memos\OneDrive\Desktop\Projects\Community Car MVC\src\CommunityCar.Domain\Entities\Community\Maps\PointOfInterest.cs(212,15): warning CS8604: Possible null reference argument for parameter 'user' in 'void BaseEntity.Audit(string user)'. [c:\Users\memos\OneDrive\Desktop\Projects\Community Car MVC\src\CommunityCar.Domain\CommunityCar.Domain.csproj]
c:\Users\memos\OneDrive\Desktop\Projects\Community Car MVC\src\CommunityCar.Domain\Entities\Community\Maps\PointOfInterest.cs(222,15): warning CS8604: Possible null reference argument for parameter 'user' in 'void BaseEntity.Audit(string user)'. [c:\Users\memos\OneDrive\Desktop\Projects\Community Car MVC\src\CommunityCar.Domain\CommunityCar.Domain.csproj]
c:\Users\memos\OneDrive\Desktop\Projects\Community Car MVC\src\CommunityCar.Domain\Entities\Community\Maps\PointOfInterest.cs(229,15): warning CS8604: Possible null reference argument for parameter 'user' in 'void BaseEntity.Audit(string user)'. [c:\Users\memos\OneDrive\Desktop\Projects\Community Car MVC\src\CommunityCar.Domain\CommunityCar.Domain.csproj]
c:\Users\memos\OneDrive\Desktop\Projects\Community Car MVC\src\CommunityCar.Domain\Entities\Community\Maps\PointOfInterest.cs(237,15): warning CS8604: Possible null reference argument for parameter 'user' in 'void BaseEntity.Audit(string user)'. [c:\Users\memos\OneDrive\Desktop\Projects\Community Car MVC\src\CommunityCar.Domain\CommunityCar.Domain.csproj]
c:\Users\memos\OneDrive\Desktop\Projects\Community Car MVC\src\CommunityCar.Domain\Entities\Community\QA\Answer.cs(39,13): warning CS8618: Non-nullable property 'Body' must contain a non-null value when exiting constructor. Consider adding the 'required' modifier or declaring the property as nullable. [c:\Users\memos\OneDrive\Desktop\Projects\Community Car MVC\src\CommunityCar.Domain\CommunityCar.Domain.csproj]
c:\Users\memos\OneDrive\Desktop\Projects\Community Car MVC\src\CommunityCar.Domain\Entities\Community\QA\Answer.cs(45,15): warning CS8604: Possible null reference argument for parameter 'user' in 'void BaseEntity.Audit(string user)'. [c:\Users\memos\OneDrive\Desktop\Projects\Community Car MVC\src\CommunityCar.Domain\CommunityCar.Domain.csproj]
c:\Users\memos\OneDrive\Desktop\Projects\Community Car MVC\src\CommunityCar.Domain\Entities\Community\QA\Answer.cs(52,15): warning CS8604: Possible null reference argument for parameter 'user' in 'void BaseEntity.Audit(string user)'. [c:\Users\memos\OneDrive\Desktop\Projects\Community Car MVC\src\CommunityCar.Domain\CommunityCar.Domain.csproj]
c:\Users\memos\OneDrive\Desktop\Projects\Community Car MVC\src\CommunityCar.Domain\Entities\Community\QA\Answer.cs(61,15): warning CS8604: Possible null reference argument for parameter 'user' in 'void BaseEntity.Audit(string user)'. [c:\Users\memos\OneDrive\Desktop\Projects\Community Car MVC\src\CommunityCar.Domain\CommunityCar.Domain.csproj]
c:\Users\memos\OneDrive\Desktop\Projects\Community Car MVC\src\CommunityCar.Domain\Entities\Community\QA\Answer.cs(86,15): warning CS8604: Possible null reference argument for parameter 'user' in 'void BaseEntity.Audit(string user)'. [c:\Users\memos\OneDrive\Desktop\Projects\Community Car MVC\src\CommunityCar.Domain\CommunityCar.Domain.csproj]
c:\Users\memos\OneDrive\Desktop\Projects\Community Car MVC\src\CommunityCar.Domain\Entities\Community\QA\Answer.cs(95,15): warning CS8604: Possible null reference argument for parameter 'user' in 'void BaseEntity.Audit(string user)'. [c:\Users\memos\OneDrive\Desktop\Projects\Community Car MVC\src\CommunityCar.Domain\CommunityCar.Domain.csproj]
c:\Users\memos\OneDrive\Desktop\Projects\Community Car MVC\src\CommunityCar.Domain\Entities\Community\Maps\PointOfInterest.cs(254,19): warning CS8604: Possible null reference argument for parameter 'user' in 'void BaseEntity.Audit(string user)'. [c:\Users\memos\OneDrive\Desktop\Projects\Community Car MVC\src\CommunityCar.Domain\CommunityCar.Domain.csproj]
c:\Users\memos\OneDrive\Desktop\Projects\Community Car MVC\src\CommunityCar.Domain\Entities\Community\Maps\PointOfInterest.cs(262,19): warning CS8604: Possible null reference argument for parameter 'user' in 'void BaseEntity.Audit(string user)'. [c:\Users\memos\OneDrive\Desktop\Projects\Community Car MVC\src\CommunityCar.Domain\CommunityCar.Domain.csproj]
c:\Users\memos\OneDrive\Desktop\Projects\Community Car MVC\src\CommunityCar.Domain\Entities\Community\Maps\PointOfInterest.cs(271,15): warning CS8604: Possible null reference argument for parameter 'user' in 'void BaseEntity.Audit(string user)'. [c:\Users\memos\OneDrive\Desktop\Projects\Community Car MVC\src\CommunityCar.Domain\CommunityCar.Domain.csproj]
c:\Users\memos\OneDrive\Desktop\Projects\Community Car MVC\src\CommunityCar.Application\Services\Profile\ProfileSecurityService.cs(105,50): warning CS8604: Possible null reference argument for parameter 'key' in 'string ProfileSecurityService.GenerateQrCodeUrl(string email, string key)'. [c:\Users\memos\OneDrive\Desktop\Projects\Community Car MVC\src\CommunityCar.Application\CommunityCar.Application.csproj]
c:\Users\memos\OneDrive\Desktop\Projects\Community Car MVC\src\CommunityCar.Application\Services\Community\StoriesService.cs(181,28): warning CS8604: Possible null reference argument for parameter 'thumbnailUrl' in 'void Story.SetThumbnail(string thumbnailUrl)'. [c:\Users\memos\OneDrive\Desktop\Projects\Community Car MVC\src\CommunityCar.Application\CommunityCar.Application.csproj]
c:\Users\memos\OneDrive\Desktop\Projects\Community Car MVC\src\CommunityCar.Application\Services\Community\StoriesService.cs(211,28): warning CS8604: Possible null reference argument for parameter 'thumbnailUrl' in 'void Story.SetThumbnail(string thumbnailUrl)'. [c:\Users\memos\OneDrive\Desktop\Projects\Community Car MVC\src\CommunityCar.Application\CommunityCar.Application.csproj]
c:\Users\memos\OneDrive\Desktop\Projects\Community Car MVC\src\CommunityCar.Application\Services\Community\FeedService.cs(303,29): warning CS1998: This async method lacks 'await' operators and will run synchronously. Consider using the 'await' operator to await non-blocking API calls, or 'await Task.Run(...)' to do CPU-bound work on a background thread. [c:\Users\memos\OneDrive\Desktop\Projects\Community Car MVC\src\CommunityCar.Application\CommunityCar.Application.csproj]
c:\Users\memos\OneDrive\Desktop\Projects\Community Car MVC\src\CommunityCar.Application\Services\Community\FeedService.cs(317,44): warning CS1998: This async method lacks 'await' operators and will run synchronously. Consider using the 'await' operator to await non-blocking API calls, or 'await Task.Run(...)' to do CPU-bound work on a background thread. [c:\Users\memos\OneDrive\Desktop\Projects\Community Car MVC\src\CommunityCar.Application\CommunityCar.Application.csproj]
c:\Users\memos\OneDrive\Desktop\Projects\Community Car MVC\src\CommunityCar.Application\Services\Community\FeedService.cs(353,29): warning CS1998: This async method lacks 'await' operators and will run synchronously. Consider using the 'await' operator to await non-blocking API calls, or 'await Task.Run(...)' to do CPU-bound work on a background thread. [c:\Users\memos\OneDrive\Desktop\Projects\Community Car MVC\src\CommunityCar.Application\CommunityCar.Application.csproj]
c:\Users\memos\OneDrive\Desktop\Projects\Community Car MVC\src\CommunityCar.Application\Services\Community\FeedService.cs(367,29): warning CS1998: This async method lacks 'await' operators and will run synchronously. Consider using the 'await' operator to await non-blocking API calls, or 'await Task.Run(...)' to do CPU-bound work on a background thread. [c:\Users\memos\OneDrive\Desktop\Projects\Community Car MVC\src\CommunityCar.Application\CommunityCar.Application.csproj]
c:\Users\memos\OneDrive\Desktop\Projects\Community Car MVC\src\CommunityCar.Application\Services\Community\FeedService.cs(381,29): warning CS1998: This async method lacks 'await' operators and will run synchronously. Consider using the 'await' operator to await non-blocking API calls, or 'await Task.Run(...)' to do CPU-bound work on a background thread. [c:\Users\memos\OneDrive\Desktop\Projects\Community Car MVC\src\CommunityCar.Application\CommunityCar.Application.csproj]
c:\Users\memos\OneDrive\Desktop\Projects\Community Car MVC\src\CommunityCar.Application\Services\Dashboard\SettingsService.cs(9,50): warning CS1998: This async method lacks 'await' operators and will run synchronously. Consider using the 'await' operator to await non-blocking API calls, or 'await Task.Run(...)' to do CPU-bound work on a background thread. [c:\Users\memos\OneDrive\Desktop\Projects\Community Car MVC\src\CommunityCar.Application\CommunityCar.Application.csproj]
c:\Users\memos\OneDrive\Desktop\Projects\Community Car MVC\src\CommunityCar.Application\Services\Community\InteractionService.cs(333,31): warning CS1998: This async method lacks 'await' operators and will run synchronously. Consider using the 'await' operator to await non-blocking API calls, or 'await Task.Run(...)' to do CPU-bound work on a background thread. [c:\Users\memos\OneDrive\Desktop\Projects\Community Car MVC\src\CommunityCar.Application\CommunityCar.Application.csproj]
c:\Users\memos\OneDrive\Desktop\Projects\Community Car MVC\src\CommunityCar.Application\Services\Community\InteractionService.cs(494,33): warning CS1998: This async method lacks 'await' operators and will run synchronously. Consider using the 'await' operator to await non-blocking API calls, or 'await Task.Run(...)' to do CPU-bound work on a background thread. [c:\Users\memos\OneDrive\Desktop\Projects\Community Car MVC\src\CommunityCar.Application\CommunityCar.Application.csproj]
c:\Users\memos\OneDrive\Desktop\Projects\Community Car MVC\src\CommunityCar.Application\Services\Community\InteractionService.Ratings.cs(35,37): warning CS1998: This async method lacks 'await' operators and will run synchronously. Consider using the 'await' operator to await non-blocking API calls, or 'await Task.Run(...)' to do CPU-bound work on a background thread. [c:\Users\memos\OneDrive\Desktop\Projects\Community Car MVC\src\CommunityCar.Application\CommunityCar.Application.csproj]
c:\Users\memos\OneDrive\Desktop\Projects\Community Car MVC\src\CommunityCar.Application\Services\Community\InteractionService.Ratings.cs(45,31): warning CS1998: This async method lacks 'await' operators and will run synchronously. Consider using the 'await' operator to await non-blocking API calls, or 'await Task.Run(...)' to do CPU-bound work on a background thread. [c:\Users\memos\OneDrive\Desktop\Projects\Community Car MVC\src\CommunityCar.Application\CommunityCar.Application.csproj]
c:\Users\memos\OneDrive\Desktop\Projects\Community Car MVC\src\CommunityCar.Application\Services\Community\InteractionService.Ratings.cs(54,29): warning CS1998: This async method lacks 'await' operators and will run synchronously. Consider using the 'await' operator to await non-blocking API calls, or 'await Task.Run(...)' to do CPU-bound work on a background thread. [c:\Users\memos\OneDrive\Desktop\Projects\Community Car MVC\src\CommunityCar.Application\CommunityCar.Application.csproj]
c:\Users\memos\OneDrive\Desktop\Projects\Community Car MVC\src\CommunityCar.Application\Services\Dashboard\ManagementService.cs(76,45): warning CS1998: This async method lacks 'await' operators and will run synchronously. Consider using the 'await' operator to await non-blocking API calls, or 'await Task.Run(...)' to do CPU-bound work on a background thread. [c:\Users\memos\OneDrive\Desktop\Projects\Community Car MVC\src\CommunityCar.Application\CommunityCar.Application.csproj]
c:\Users\memos\OneDrive\Desktop\Projects\Community Car MVC\src\CommunityCar.Application\Services\Dashboard\ManagementService.cs(128,42): warning CS1998: This async method lacks 'await' operators and will run synchronously. Consider using the 'await' operator to await non-blocking API calls, or 'await Task.Run(...)' to do CPU-bound work on a background thread. [c:\Users\memos\OneDrive\Desktop\Projects\Community Car MVC\src\CommunityCar.Application\CommunityCar.Application.csproj]
c:\Users\memos\OneDrive\Desktop\Projects\Community Car MVC\src\CommunityCar.Application\Services\Dashboard\ManagementService.cs(162,50): warning CS1998: This async method lacks 'await' operators and will run synchronously. Consider using the 'await' operator to await non-blocking API calls, or 'await Task.Run(...)' to do CPU-bound work on a background thread. [c:\Users\memos\OneDrive\Desktop\Projects\Community Car MVC\src\CommunityCar.Application\CommunityCar.Application.csproj]
c:\Users\memos\OneDrive\Desktop\Projects\Community Car MVC\src\CommunityCar.Application\Services\Community\InteractionService.Ratings.cs(59,29): warning CS1998: This async method lacks 'await' operators and will run synchronously. Consider using the 'await' operator to await non-blocking API calls, or 'await Task.Run(...)' to do CPU-bound work on a background thread. [c:\Users\memos\OneDrive\Desktop\Projects\Community Car MVC\src\CommunityCar.Application\CommunityCar.Application.csproj]
c:\Users\memos\OneDrive\Desktop\Projects\Community Car MVC\src\CommunityCar.Application\Services\Dashboard\OverviewService.cs(57,47): warning CS1998: This async method lacks 'await' operators and will run synchronously. Consider using the 'await' operator to await non-blocking API calls, or 'await Task.Run(...)' to do CPU-bound work on a background thread. [c:\Users\memos\OneDrive\Desktop\Projects\Community Car MVC\src\CommunityCar.Application\CommunityCar.Application.csproj]
c:\Users\memos\OneDrive\Desktop\Projects\Community Car MVC\src\CommunityCar.Application\Services\Dashboard\ManagementService.cs(197,44): warning CS1998: This async method lacks 'await' operators and will run synchronously. Consider using the 'await' operator to await non-blocking API calls, or 'await Task.Run(...)' to do CPU-bound work on a background thread. [c:\Users\memos\OneDrive\Desktop\Projects\Community Car MVC\src\CommunityCar.Application\CommunityCar.Application.csproj]
c:\Users\memos\OneDrive\Desktop\Projects\Community Car MVC\src\CommunityCar.Web\Controllers\Dashboard\Controller.cs(13,22): error CS0246: The type or namespace name 'IDashboardOverviewService' could not be found (are you missing a using directive or an assembly reference?) [c:\Users\memos\OneDrive\Desktop\Projects\Community Car MVC\src\CommunityCar.Web\CommunityCar.Web.csproj]
c:\Users\memos\OneDrive\Desktop\Projects\Community Car MVC\src\CommunityCar.Web\Controllers\Dashboard\Controller.cs(14,22): error CS0246: The type or namespace name 'IDashboardMonitoringService' could not be found (are you missing a using directive or an assembly reference?) [c:\Users\memos\OneDrive\Desktop\Projects\Community Car MVC\src\CommunityCar.Web\CommunityCar.Web.csproj]
c:\Users\memos\OneDrive\Desktop\Projects\Community Car MVC\src\CommunityCar.Web\Controllers\Dashboard\Controller.cs(19,9): error CS0246: The type or namespace name 'IDashboardOverviewService' could not be found (are you missing a using directive or an assembly reference?) [c:\Users\memos\OneDrive\Desktop\Projects\Community Car MVC\src\CommunityCar.Web\CommunityCar.Web.csproj]
c:\Users\memos\OneDrive\Desktop\Projects\Community Car MVC\src\CommunityCar.Web\Controllers\Dashboard\Controller.cs(20,9): error CS0246: The type or namespace name 'IDashboardMonitoringService' could not be found (are you missing a using directive or an assembly reference?) [c:\Users\memos\OneDrive\Desktop\Projects\Community Car MVC\src\CommunityCar.Web\CommunityCar.Web.csproj]
    178 Warning(s)
    4 Error(s)

Time Elapsed 00:00:28.09

Workload updates are available. Run `dotnet workload list` for more information.
